Archive member included to satisfy reference by file (symbol)

examples/libexamples.a(LCD_1in69_test.c.obj)
                              CMakeFiles/main.dir/main.c.obj (LCD_1in69_test)
examples/libexamples.a(ImageData.c.obj)
                              examples/libexamples.a(LCD_1in69_test.c.obj) (gImage_double_click)
lib/LCD/libLCD.a(LCD_1in69.c.obj)
                              examples/libexamples.a(LCD_1in69_test.c.obj) (LCD_1IN69_Init)
lib/LCD/libLCD.a(Touch_1in69.c.obj)
                              examples/libexamples.a(LCD_1in69_test.c.obj) (Touch_1IN69_init)
lib/GUI/libGUI.a(GUI_Paint.c.obj)
                              examples/libexamples.a(LCD_1in69_test.c.obj) (Paint_NewImage)
lib/Fonts/libFonts.a(font16.c.obj)
                              examples/libexamples.a(LCD_1in69_test.c.obj) (Font16)
lib/Fonts/libFonts.a(font20.c.obj)
                              examples/libexamples.a(LCD_1in69_test.c.obj) (Font20)
lib/Fonts/libFonts.a(font24.c.obj)
                              examples/libexamples.a(LCD_1in69_test.c.obj) (Font24)
lib/Config/libConfig.a(DEV_Config.c.obj)
                              lib/LCD/libLCD.a(LCD_1in69.c.obj) (DEV_Digital_Write)
lib/liblvgl.a(lv_disp.c.obj)  examples/libexamples.a(LCD_1in69_test.c.obj) (lv_disp_get_scr_act)
lib/liblvgl.a(lv_event.c.obj)
                              lib/liblvgl.a(lv_disp.c.obj) (lv_event_send)
lib/liblvgl.a(lv_indev.c.obj)
                              lib/liblvgl.a(lv_event.c.obj) (lv_indev_get_act)
lib/liblvgl.a(lv_indev_scroll.c.obj)
                              lib/liblvgl.a(lv_indev.c.obj) (_lv_indev_scroll_handler)
lib/liblvgl.a(lv_obj.c.obj)   examples/libexamples.a(LCD_1in69_test.c.obj) (lv_init)
lib/liblvgl.a(lv_obj_class.c.obj)
                              lib/liblvgl.a(lv_obj.c.obj) (lv_obj_class_create_obj)
lib/liblvgl.a(lv_obj_draw.c.obj)
                              lib/liblvgl.a(lv_obj.c.obj) (lv_obj_init_draw_rect_dsc)
lib/liblvgl.a(lv_obj_pos.c.obj)
                              examples/libexamples.a(LCD_1in69_test.c.obj) (lv_obj_set_pos)
lib/liblvgl.a(lv_obj_scroll.c.obj)
                              lib/liblvgl.a(lv_obj.c.obj) (lv_obj_get_scrollbar_mode)
lib/liblvgl.a(lv_obj_style.c.obj)
                              lib/liblvgl.a(lv_obj.c.obj) (_lv_obj_style_init)
lib/liblvgl.a(lv_obj_style_gen.c.obj)
                              lib/liblvgl.a(lv_obj_pos.c.obj) (lv_obj_set_style_width)
lib/liblvgl.a(lv_obj_tree.c.obj)
                              lib/liblvgl.a(lv_disp.c.obj) (lv_obj_del)
lib/liblvgl.a(lv_refr.c.obj)  lib/liblvgl.a(lv_obj.c.obj) (_lv_refr_init)
lib/liblvgl.a(lv_theme.c.obj)
                              lib/liblvgl.a(lv_disp.c.obj) (lv_theme_apply)
lib/liblvgl.a(lv_draw.c.obj)  lib/liblvgl.a(lv_obj.c.obj) (lv_draw_init)
lib/liblvgl.a(lv_draw_img.c.obj)
                              lib/liblvgl.a(lv_refr.c.obj) (lv_draw_img_dsc_init)
lib/liblvgl.a(lv_draw_label.c.obj)
                              lib/liblvgl.a(lv_draw_img.c.obj) (lv_draw_label_dsc_init)
lib/liblvgl.a(lv_draw_layer.c.obj)
                              lib/liblvgl.a(lv_refr.c.obj) (lv_draw_layer_create)
lib/liblvgl.a(lv_draw_line.c.obj)
                              lib/liblvgl.a(lv_draw_label.c.obj) (lv_draw_line_dsc_init)
lib/liblvgl.a(lv_draw_mask.c.obj)
                              lib/liblvgl.a(lv_obj.c.obj) (lv_draw_mask_add)
lib/liblvgl.a(lv_draw_rect.c.obj)
                              lib/liblvgl.a(lv_obj.c.obj) (lv_draw_rect_dsc_init)
lib/liblvgl.a(lv_img_buf.c.obj)
                              lib/liblvgl.a(lv_draw_img.c.obj) (_lv_img_buf_get_transformed_area)
lib/liblvgl.a(lv_img_cache.c.obj)
                              lib/liblvgl.a(lv_draw_img.c.obj) (_lv_img_cache_open)
lib/liblvgl.a(lv_img_decoder.c.obj)
                              lib/liblvgl.a(lv_obj.c.obj) (_lv_img_decoder_init)
lib/liblvgl.a(lv_extra.c.obj)
                              lib/liblvgl.a(lv_obj.c.obj) (lv_extra_init)
lib/liblvgl.a(lv_font.c.obj)  lib/liblvgl.a(lv_draw_label.c.obj) (lv_font_get_glyph_width)
lib/liblvgl.a(lv_font_fmt_txt.c.obj)
                              lib/liblvgl.a(lv_refr.c.obj) (_lv_font_clean_up_fmt_txt)
lib/liblvgl.a(lv_font_montserrat_14.c.obj)
                              lib/liblvgl.a(lv_theme.c.obj) (lv_font_montserrat_14)
lib/liblvgl.a(lv_hal_disp.c.obj)
                              lib/liblvgl.a(lv_obj.c.obj) (lv_disp_set_default)
lib/liblvgl.a(lv_hal_indev.c.obj)
                              lib/liblvgl.a(lv_indev.c.obj) (lv_indev_get_next)
lib/liblvgl.a(lv_hal_tick.c.obj)
                              examples/libexamples.a(LCD_1in69_test.c.obj) (lv_tick_inc)
lib/liblvgl.a(lv_anim.c.obj)  lib/liblvgl.a(lv_obj.c.obj) (_lv_anim_core_init)
lib/liblvgl.a(lv_area.c.obj)  lib/liblvgl.a(lv_disp.c.obj) (lv_area_set)
lib/liblvgl.a(lv_async.c.obj)
                              lib/liblvgl.a(lv_obj_tree.c.obj) (lv_async_call)
lib/liblvgl.a(lv_color.c.obj)
[...]
Memory Configuration

Name             Origin             Length             Attributes
FLASH            0x0000000010000000 0x0000000000200000 xr
RAM              0x0000000020000000 0x0000000000100000 xrw
SCRATCH_X        0x0000000020040000 0x0000000000001000 xrw
SCRATCH_Y        0x0000000020041000 0x0000000000001000 xrw
*default*        0x0000000000000000 0xffffffffffffffff

Linker script and memory map

LOAD /usr/lib/gcc/arm-none-eabi/10.3.1/thumb/v6-m/nofp/crti.o
LOAD /usr/lib/gcc/arm-none-eabi/10.3.1/thumb/v6-m/nofp/crtbegin.o
LOAD /usr/lib/gcc/arm-none-eabi/10.3.1/../../../arm-none-eabi/lib/thumb/v6-m/nofp/crt0.o

.flash_begin    0x0000000010000000        0x0
                0x0000000010000000                __flash_binary_start = .

.boot2          0x0000000010000000      0x100
                0x0000000010000000                __boot2_start__ = .
 *(.boot2)
 .boot2         0x0000000010000000      0x100 /tmp/ccWEjSEn.o
                0x0000000010000100                __boot2_end__ = .
                0x0000000000000001                ASSERT (((__boot2_end__ - __boot2_start__) == 0x100), ERROR: Pico second stage bootloader must be 256 bytes in size)

.text           0x0000000010000100    0x4041c
                0x0000000010000100                __logical_binary_start = .
 *(.vectors)
 .vectors       0x0000000010000100       0xd4 CMakeFiles/main.dir/home/oscar/pico/pico-sdk/src/rp2_common/pico_crt0/crt0.S.obj
                0x0000000010000100                __vectors
                0x0000000010000100                __VECTOR_TABLE
                0x00000000100001c0                isr_invalid
                0x00000000100001c0                __default_isrs_start
                0x00000000100001c2                isr_nmi
                0x00000000100001c4                isr_hardfault
                0x00000000100001c6                isr_svcall
                0x00000000100001c8                isr_pendsv
                0x00000000100001ca                isr_systick
                0x00000000100001cc                isr_irq30
                0x00000000100001cc                __unhandled_user_irq
                0x00000000100001cc                isr_irq13
                0x00000000100001cc                isr_irq27
                0x00000000100001cc                isr_irq31
                0x00000000100001cc                isr_irq5
                0x00000000100001cc                isr_irq11
                0x00000000100001cc                isr_irq23
                0x00000000100001cc                isr_irq18
                0x00000000100001cc                isr_irq28
                0x00000000100001cc                isr_irq19
                0x00000000100001cc                isr_irq0
                0x00000000100001cc                isr_irq6
                0x00000000100001cc                isr_irq22
                0x00000000100001cc                isr_irq17
                0x00000000100001cc                isr_irq14
                0x00000000100001cc                isr_irq2
                0x00000000100001cc                isr_irq10
                0x00000000100001cc                isr_irq8
                0x00000000100001cc                isr_irq24
                0x00000000100001cc                isr_irq1
                0x00000000100001cc                isr_irq7
                0x00000000100001cc                isr_irq21
                0x00000000100001cc                isr_irq20
                0x00000000100001cc                isr_irq15
                0x00000000100001cc                isr_irq25
                0x00000000100001cc                isr_irq4
                0x00000000100001cc                isr_irq16
                0x00000000100001cc                isr_irq29
                0x00000000100001cc                isr_irq26
                0x00000000100001cc                __default_isrs_end
                0x00000000100001cc                isr_irq3
                0x00000000100001cc                isr_irq12
                0x00000000100001cc                isr_irq9
                0x00000000100001d2                unhandled_user_irq_num_in_r0
 *(.binary_info_header)
 .binary_info_header
                0x00000000100001d4       0x14 CMakeFiles/main.dir/home/oscar/pico/pico-sdk/src/rp2_common/pico_crt0/crt0.S.obj
                0x00000000100001e8                __binary_info_header_end = .
 *(.embedded_block)
                0x00000000100001e8                __embedded_block_end = .
 *(.reset)
 .reset         0x00000000100001e8       0x9c CMakeFiles/main.dir/home/oscar/pico/pico-sdk/src/rp2_common/pico_crt0/crt0.S.obj
                0x00000000100001e8                _entry_point
 *(.init)
 .init          0x0000000010000284        0x4 /usr/lib/gcc/arm-none-eabi/10.3.1/thumb/v6-m/nofp/crti.o
                0x0000000010000284                _init
 *(EXCLUDE_FILE(*libm.a: *libc.a:*lib_a-mem*.o *libgcc.a:) .text*)
 .text          0x0000000010000288       0x98 /usr/lib/gcc/arm-none-eabi/10.3.1/thumb/v6-m/nofp/crtbegin.o
 .text.startup.main
                0x0000000010000320        0xc CMakeFiles/main.dir/main.c.obj
                0x0000000010000320                main
 .text.gpio_default_irq_handler
                0x000000001000032c      0x270 CMakeFiles/main.dir/home/oscar/pico/pico-sdk/src/rp2_common/hardware_gpio/gpio.c.obj
 .text.gpio_set_function
                0x000000001000059c       0x34 CMakeFiles/main.dir/home/oscar/pico/pico-sdk/src/rp2_common/hardware_gpio/gpio.c.obj
                0x000000001000059c                gpio_set_function
 .text.gpio_set_pulls
                0x00000000100005d0       0x34 CMakeFiles/main.dir/home/oscar/pico/pico-sdk/src/rp2_common/hardware_gpio/gpio.c.obj
                0x00000000100005d0                gpio_set_pulls
 .text.gpio_set_irq_enabled_with_callback
                0x0000000010000604       0xd0 CMakeFiles/main.dir/home/oscar/pico/pico-sdk/src/rp2_common/hardware_gpio/gpio.c.obj
                0x0000000010000604                gpio_set_irq_enabled_with_callback
 .text.gpio_init
                0x00000000100006d4       0x40 CMakeFiles/main.dir/home/oscar/pico/pico-sdk/src/rp2_common/hardware_gpio/gpio.c.obj
                0x00000000100006d4                gpio_init
 .text.rp2040_chip_version
                0x0000000010000714        0xc CMakeFiles/main.dir/home/oscar/pico/pico-sdk/src/rp2040/pico_platform/platform.c.obj
                0x0000000010000714                rp2040_chip_version
 .text.panic    0x0000000010000720       0x30 CMakeFiles/main.dir/home/oscar/pico/pico-sdk/src/rp2_common/pico_platform_panic/panic.c.obj
                0x0000000010000720                panic
 .text.hw_claim_or_assert
                0x0000000010000750       0x44 CMakeFiles/main.dir/home/oscar/pico/pico-sdk/src/common/hardware_claim/claim.c.obj
                0x0000000010000750                hw_claim_or_assert
 .text.hw_claim_unused_from_range
                0x0000000010000794       0x9c CMakeFiles/main.dir/home/oscar/pico/pico-sdk/src/common/hardware_claim/claim.c.obj
                0x0000000010000794                hw_claim_unused_from_range
 .text.next_striped_spin_lock_num
                0x0000000010000830       0x18 CMakeFiles/main.dir/home/oscar/pico/pico-sdk/src/rp2_common/hardware_sync/sync.c.obj
                0x0000000010000830                next_striped_spin_lock_num
 .text.spin_lock_claim_unused
                0x0000000010000848       0x20 CMakeFiles/main.dir/home/oscar/pico/pico-sdk/src/rp2_common/hardware_sync/sync.c.obj
                0x0000000010000848                spin_lock_claim_unused
 .text.spin_locks_reset
                0x0000000010000868       0x1c CMakeFiles/main.dir/home/oscar/pico/pico-sdk/src/rp2_common/hardware_sync_spin_lock/sync_spin_lock.c.obj
                0x0000000010000868                spin_locks_reset
 .text.runtime_init_per_core_irq_priorities
                0x0000000010000884       0x24 CMakeFiles/main.dir/home/oscar/pico/pico-sdk/src/rp2_common/hardware_irq/irq.c.obj
                0x0000000010000884                runtime_init_per_core_irq_priorities
 .text.irq_set_enabled
                0x00000000100008a8       0x24 CMakeFiles/main.dir/home/oscar/pico/pico-sdk/src/rp2_common/hardware_irq/irq.c.obj
                0x00000000100008a8                irq_set_enabled
 .text.irq_is_enabled
                0x00000000100008cc       0x18 CMakeFiles/main.dir/home/oscar/pico/pico-sdk/src/rp2_common/hardware_irq/irq.c.obj
                0x00000000100008cc                irq_is_enabled
 .text.irq_set_pending
                0x00000000100008e4       0x10 CMakeFiles/main.dir/home/oscar/pico/pico-sdk/src/rp2_common/hardware_irq/irq.c.obj
                0x00000000100008e4                irq_set_pending
 .text.irq_has_shared_handler
                0x00000000100008f4       0x2c CMakeFiles/main.dir/home/oscar/pico/pico-sdk/src/rp2_common/hardware_irq/irq.c.obj
                0x00000000100008f4                irq_has_shared_handler
 .text.irq_set_exclusive_handler
                0x0000000010000920       0x54 CMakeFiles/main.dir/home/oscar/pico/pico-sdk/src/rp2_common/hardware_irq/irq.c.obj
                0x0000000010000920                irq_set_exclusive_handler
 .text.irq_add_shared_handler
                0x0000000010000974      0x1e8 CMakeFiles/main.dir/home/oscar/pico/pico-sdk/src/rp2_common/hardware_irq/irq.c.obj
                0x0000000010000974                irq_add_shared_handler
 .text.irq_remove_handler
                0x0000000010000b5c      0x1c4 CMakeFiles/main.dir/home/oscar/pico/pico-sdk/src/rp2_common/hardware_irq/irq.c.obj
                0x0000000010000b5c                irq_remove_handler
 .text.irq_add_tail_to_free_list
                0x0000000010000d20       0xb4 CMakeFiles/main.dir/home/oscar/pico/pico-sdk/src/rp2_common/hardware_irq/irq.c.obj
                0x0000000010000d20                irq_add_tail_to_free_list
 .text.user_irq_claim_unused
                0x0000000010000dd4       0x28 CMakeFiles/main.dir/home/oscar/pico/pico-sdk/src/rp2_common/hardware_irq/irq.c.obj
                0x0000000010000dd4                user_irq_claim_unused
 .text.lock_init
                0x0000000010000dfc       0x10 CMakeFiles/main.dir/home/oscar/pico/pico-sdk/src/common/pico_sync/lock_core.c.obj
                0x0000000010000dfc                lock_init
 .text.runtime_init_mutex
                0x0000000010000e0c       0x58 CMakeFiles/main.dir/home/oscar/pico/pico-sdk/src/common/pico_sync/mutex.c.obj
                0x0000000010000e0c                runtime_init_mutex
 .text.mutex_init
                0x0000000010000e64       0x1c CMakeFiles/main.dir/home/oscar/pico/pico-sdk/src/common/pico_sync/mutex.c.obj
                0x0000000010000e64                mutex_init
 .text.critical_section_init
                0x0000000010000e80       0x20 CMakeFiles/main.dir/home/oscar/pico/pico-sdk/src/common/pico_sync/critical_section.c.obj
                0x0000000010000e80                critical_section_init
 .text.critical_section_init_with_lock_num
                0x0000000010000ea0       0x14 CMakeFiles/main.dir/home/oscar/pico/pico-sdk/src/common/pico_sync/critical_section.c.obj
                0x0000000010000ea0                critical_section_init_with_lock_num
 .text.sleep_until_callback
                0x0000000010000eb4       0x30 CMakeFiles/main.dir/home/oscar/pico/pico-sdk/src/common/pico_time/time.c.obj
 .text.alarm_pool_irq_handler
                0x0000000010000ee4      0x2e4 CMakeFiles/main.dir/home/oscar/pico/pico-sdk/src/common/pico_time/time.c.obj
 .text.runtime_init_default_alarm_pool
                0x00000000100011c8       0xdc CMakeFiles/main.dir/home/oscar/pico/pico-sdk/src/common/pico_time/time.c.obj
                0x00000000100011c8                runtime_init_default_alarm_pool
 .text.alarm_pool_get_default
                0x00000000100012a4        0x8 CMakeFiles/main.dir/home/oscar/pico/pico-sdk/src/common/pico_time/time.c.obj
                0x00000000100012a4                alarm_pool_get_default
 .text.alarm_pool_add_alarm_at
                0x00000000100012ac       0xc8 CMakeFiles/main.dir/home/oscar/pico/pico-sdk/src/common/pico_time/time.c.obj
                0x00000000100012ac                alarm_pool_add_alarm_at
 .text.alarm_pool_add_alarm_at_force_in_context
                0x0000000010001374       0xb0 CMakeFiles/main.dir/home/oscar/pico/pico-sdk/src/common/pico_time/time.c.obj
                0x0000000010001374                alarm_pool_add_alarm_at_force_in_context
 .text.alarm_pool_cancel_alarm
                0x0000000010001424       0x7c CMakeFiles/main.dir/home/oscar/pico/pico-sdk/src/common/pico_time/time.c.obj
                0x0000000010001424                alarm_pool_cancel_alarm
 .text.alarm_pool_core_num
                0x00000000100014a0        0x4 CMakeFiles/main.dir/home/oscar/pico/pico-sdk/src/common/pico_time/time.c.obj
                0x00000000100014a0                alarm_pool_core_num
 .text.sleep_until
                0x00000000100014a4       0xd0 CMakeFiles/main.dir/home/oscar/pico/pico-sdk/src/common/pico_time/time.c.obj
                0x00000000100014a4                sleep_until
 .text.sleep_ms
                0x0000000010001574       0x34 CMakeFiles/main.dir/home/oscar/pico/pico-sdk/src/common/pico_time/time.c.obj
                0x0000000010001574                sleep_ms
 .text.best_effort_wfe_or_timeout
                0x00000000100015a8      0x11c CMakeFiles/main.dir/home/oscar/pico/pico-sdk/src/common/pico_time/time.c.obj
                0x00000000100015a8                best_effort_wfe_or_timeout
 .text.timer_hardware_alarm_claim
                0x00000000100016c4       0x14 CMakeFiles/main.dir/home/oscar/pico/pico-sdk/src/rp2_common/hardware_timer/timer.c.obj
                0x00000000100016c4                timer_hardware_alarm_claim
 .text.timer_time_us_64
                0x00000000100016d8       0x10 CMakeFiles/main.dir/home/oscar/pico/pico-sdk/src/rp2_common/hardware_timer/timer.c.obj
                0x00000000100016d8                timer_time_us_64
 .text.time_us_64
                0x00000000100016e8       0x14 CMakeFiles/main.dir/home/oscar/pico/pico-sdk/src/rp2_common/hardware_timer/timer.c.obj
                0x00000000100016e8                time_us_64
 .text.busy_wait_until
                0x00000000100016fc       0x20 CMakeFiles/main.dir/home/oscar/pico/pico-sdk/src/rp2_common/hardware_timer/timer.c.obj
                0x00000000100016fc                busy_wait_until
 .text.clock_configure_int_divider
                0x000000001000171c       0xf4 CMakeFiles/main.dir/home/oscar/pico/pico-sdk/src/rp2_common/hardware_clocks/clocks.c.obj
                0x000000001000171c                clock_configure_int_divider
 .text.clock_configure_undivided
                0x0000000010001810       0xe8 CMakeFiles/main.dir/home/oscar/pico/pico-sdk/src/rp2_common/hardware_clocks/clocks.c.obj
                0x0000000010001810                clock_configure_undivided
 .text.clock_get_hz
                0x00000000100018f8        0xc CMakeFiles/main.dir/home/oscar/pico/pico-sdk/src/rp2_common/hardware_clocks/clocks.c.obj
                0x00000000100018f8                clock_get_hz
 .text.pll_init
                0x0000000010001904       0xa0 CMakeFiles/main.dir/home/oscar/pico/pico-sdk/src/rp2_common/hardware_pll/pll.c.obj
                0x0000000010001904                pll_init
 .text.watchdog_reboot
                0x00000000100019a4       0x98 CMakeFiles/main.dir/home/oscar/pico/pico-sdk/src/rp2_common/hardware_watchdog/watchdog.c.obj
                0x00000000100019a4                watchdog_reboot
 .text.tick_start
                0x0000000010001a3c       0x10 CMakeFiles/main.dir/home/oscar/pico/pico-sdk/src/rp2_common/hardware_ticks/ticks.c.obj
                0x0000000010001a3c                tick_start
 .text.xosc_init
                0x0000000010001a4c       0x28 CMakeFiles/main.dir/home/oscar/pico/pico-sdk/src/rp2_common/hardware_xosc/xosc.c.obj
                0x0000000010001a4c                xosc_init
 .text.first_per_core_initializer
                0x0000000010001a74        0x4 CMakeFiles/main.dir/home/oscar/pico/pico-sdk/src/rp2_common/pico_runtime/runtime.c.obj
 .text.hard_assertion_failure
                0x0000000010001a78        0xc CMakeFiles/main.dir/home/oscar/pico/pico-sdk/src/rp2_common/pico_runtime/runtime.c.obj
                0x0000000010001a78                hard_assertion_failure
 .text.runtime_run_initializers
                0x0000000010001a84       0x28 CMakeFiles/main.dir/home/oscar/pico/pico-sdk/src/rp2_common/pico_runtime/runtime.c.obj
                0x0000000010001a84                runtime_run_initializers
 .text.runtime_init_early_resets
                0x0000000010001aac       0x2c CMakeFiles/main.dir/home/oscar/pico/pico-sdk/src/rp2_common/pico_runtime_init/runtime_init.c.obj
                0x0000000010001aac                runtime_init_early_resets
 .text.runtime_init_usb_power_down
                0x0000000010001ad8       0x1c CMakeFiles/main.dir/home/oscar/pico/pico-sdk/src/rp2_common/pico_runtime_init/runtime_init.c.obj
                0x0000000010001ad8                runtime_init_usb_power_down
 .text.runtime_init_post_clock_resets
                0x0000000010001af4       0x20 CMakeFiles/main.dir/home/oscar/pico/pico-sdk/src/rp2_common/pico_runtime_init/runtime_init.c.obj
                0x0000000010001af4                runtime_init_post_clock_resets
 .text.runtime_init_rp2040_gpio_ie_disable
                0x0000000010001b14       0x14 CMakeFiles/main.dir/home/oscar/pico/pico-sdk/src/rp2_common/pico_runtime_init/runtime_init.c.obj
                0x0000000010001b14                runtime_init_rp2040_gpio_ie_disable
 .text.runtime_init_spin_locks_reset
                0x0000000010001b28        0x8 CMakeFiles/main.dir/home/oscar/pico/pico-sdk/src/rp2_common/pico_runtime_init/runtime_init.c.obj
                0x0000000010001b28                runtime_init_spin_locks_reset
 .text.runtime_init_install_ram_vector_table
                0x0000000010001b30       0x1c CMakeFiles/main.dir/home/oscar/pico/pico-sdk/src/rp2_common/pico_runtime_init/runtime_init.c.obj
                0x0000000010001b30                runtime_init_install_ram_vector_table
 .text.runtime_init_clocks
                0x0000000010001b4c       0xd8 CMakeFiles/main.dir/home/oscar/pico/pico-sdk/src/rp2_common/pico_runtime_init/runtime_init_clocks.c.obj
                0x0000000010001b4c                runtime_init_clocks
 .text          0x0000000010001c24       0x10 CMakeFiles/main.dir/home/oscar/pico/pico-sdk/src/rp2_common/pico_bit_ops/bit_ops_aeabi.S.obj
 .text.clzsi    0x0000000010001c34        0xc CMakeFiles/main.dir/home/oscar/pico/pico-sdk/src/rp2_common/pico_bit_ops/bit_ops_aeabi.S.obj
                0x0000000010001c34                __wrap___clz
                0x0000000010001c34                __wrap___clzsi2
                0x0000000010001c34                __wrap___clzl
 .text.ctzsi    0x0000000010001c40        0xc CMakeFiles/main.dir/home/oscar/pico/pico-sdk/src/rp2_common/pico_bit_ops/bit_ops_aeabi.S.obj
                0x0000000010001c40                __wrap___ctzsi2
 .text.rom_func_lookup
                0x0000000010001c4c       0x10 CMakeFiles/main.dir/home/oscar/pico/pico-sdk/src/rp2_common/pico_bootrom/bootrom.c.obj
                0x0000000010001c4c                rom_func_lookup
 .text.rom_data_lookup
                0x0000000010001c5c       0x10 CMakeFiles/main.dir/home/oscar/pico/pico-sdk/src/rp2_common/pico_bootrom/bootrom.c.obj
                0x0000000010001c5c                rom_data_lookup
 .text.rom_funcs_lookup
                0x0000000010001c6c       0x44 CMakeFiles/main.dir/home/oscar/pico/pico-sdk/src/rp2_common/pico_bootrom/bootrom.c.obj
                0x0000000010001c6c                rom_funcs_lookup
 .text.rom_reset_usb_boot
                0x0000000010001cb0       0x20 CMakeFiles/main.dir/home/oscar/pico/pico-sdk/src/rp2_common/pico_bootrom/bootrom.c.obj
                0x0000000010001cb0                rom_reset_usb_boot
 .text.__wrap___aeabi_idiv
                0x0000000010001cd0       0x50 CMakeFiles/main.dir/home/oscar/pico/pico-sdk/src/rp2_common/pico_divider/divider_hardware.S.obj
                0x0000000010001cd0                __wrap___aeabi_idivmod
                0x0000000010001cd0                divmod_s32s32
                0x0000000010001cd0                div_s32s32
                0x0000000010001cd0                __wrap___aeabi_idiv
                0x0000000010001cd8                divmod_s32s32_unsafe
                0x0000000010001d04                divmod_s32s32_savestate
 .text.__wrap___aeabi_uidiv
                0x0000000010001d20       0x4c CMakeFiles/main.dir/home/oscar/pico/pico-sdk/src/rp2_common/pico_divider/divider_hardware.S.obj
                0x0000000010001d20                __wrap___aeabi_uidiv
                0x0000000010001d20                __wrap___aeabi_uidivmod
                0x0000000010001d20                div_u32u32
                0x0000000010001d20                divmod_u32u32
                0x0000000010001d28                divmod_u32u32_unsafe
                0x0000000010001d50                divmod_u32u32_savestate
 .text.__wrap___aeabi_ldiv
                0x0000000010001d6c      0x424 CMakeFiles/main.dir/home/oscar/pico/pico-sdk/src/rp2_common/pico_divider/divider_hardware.S.obj
                0x0000000010001d6c                div_s64s64
                0x0000000010001d6c                divmod_s64s64
                0x0000000010001d6c                __wrap___aeabi_ldivmod
                0x0000000010001d9c                div_u64u64
                0x0000000010001d9c                divmod_u64u64
                0x0000000010001d9c                __wrap___aeabi_uldivmod
                0x0000000010001dac                divmod_u64u64_savestate
                0x0000000010001dcc                divmod_s64s64_unsafe
                0x0000000010001e54                divmod_u64u64_unsafe
 .text.__aeabi_double_init
                0x0000000010002190       0xa0 CMakeFiles/main.dir/home/oscar/pico/pico-sdk/src/rp2_common/pico_double/double_init_rom_rp2040.c.obj
                0x0000000010002190                __aeabi_double_init
 .text.double_table_shim_on_use_helper
                0x0000000010002230       0x2c CMakeFiles/main.dir/home/oscar/pico/pico-sdk/src/rp2_common/pico_double/double_v1_rom_shim_rp2040.S.obj
                0x0000000010002230                double_table_shim_on_use_helper
 .text.__aeabi_lmul
                0x000000001000225c       0x32 CMakeFiles/main.dir/home/oscar/pico/pico-sdk/src/rp2_common/pico_int64_ops/pico_int64_ops_aeabi.S.obj
                0x000000001000225c                __wrap___aeabi_lmul
 *fill*         0x000000001000228e        0x2 
 .text.__aeabi_float_init
                0x0000000010002290       0x64 CMakeFiles/main.dir/home/oscar/pico/pico-sdk/src/rp2_common/pico_float/float_init_rom_rp2040.c.obj
                0x0000000010002290                __aeabi_float_init
 .text.float_table_shim_on_use_helper
                0x00000000100022f4       0x2c CMakeFiles/main.dir/home/oscar/pico/pico-sdk/src/rp2_common/pico_float/float_v1_rom_shim_rp2040.S.obj
                0x00000000100022f4                float_table_shim_on_use_helper
 .text.__wrap_malloc
                0x0000000010002320       0x24 CMakeFiles/main.dir/home/oscar/pico/pico-sdk/src/rp2_common/pico_malloc/malloc.c.obj
                0x0000000010002320                __wrap_malloc
 .text          0x0000000010002344       0x10 CMakeFiles/main.dir/home/oscar/pico/pico-sdk/src/rp2_common/pico_mem_ops/mem_ops_aeabi.S.obj
                0x0000000010002344                __aeabi_mem_init
 .text.memset   0x0000000010002354        0xc CMakeFiles/main.dir/home/oscar/pico/pico-sdk/src/rp2_common/pico_mem_ops/mem_ops_aeabi.S.obj
                0x0000000010002354                __wrap_memset
 .text.memcpy   0x0000000010002360        0xc CMakeFiles/main.dir/home/oscar/pico/pico-sdk/src/rp2_common/pico_mem_ops/mem_ops_aeabi.S.obj
                0x0000000010002360                __wrap___aeabi_memcpy
                0x0000000010002360                __wrap_memcpy
 .text._out_char
                0x000000001000236c       0x10 CMakeFiles/main.dir/home/oscar/pico/pico-sdk/src/rp2_common/pico_printf/printf.c.obj
 .text.weak_raw_vprintf
                0x000000001000237c       0x30 CMakeFiles/main.dir/home/oscar/pico/pico-sdk/src/rp2_common/pico_printf/printf.c.obj
                0x000000001000237c                weak_raw_vprintf
 .text._exit    0x00000000100023ac        0x4 CMakeFiles/main.dir/home/oscar/pico/pico-sdk/src/rp2_common/pico_clib_interface/newlib_interface.c.obj
                0x00000000100023ac                _exit
 .text._sbrk    0x00000000100023b0       0x34 CMakeFiles/main.dir/home/oscar/pico/pico-sdk/src/rp2_common/pico_clib_interface/newlib_interface.c.obj
                0x00000000100023b0                _sbrk
 .text.exit     0x00000000100023e4        0x8 CMakeFiles/main.dir/home/oscar/pico/pico-sdk/src/rp2_common/pico_clib_interface/newlib_interface.c.obj
                0x00000000100023e4                exit
 .text.runtime_init
                0x00000000100023ec       0x2c CMakeFiles/main.dir/home/oscar/pico/pico-sdk/src/rp2_common/pico_clib_interface/newlib_interface.c.obj
                0x00000000100023ec                runtime_init
 .text.stdio_out_chars_no_crlf
                0x0000000010002418       0x10 CMakeFiles/main.dir/home/oscar/pico/pico-sdk/src/rp2_common/pico_stdio/stdio.c.obj
 .text.stdio_out_chars_crlf
                0x0000000010002428       0xb4 CMakeFiles/main.dir/home/oscar/pico/pico-sdk/src/rp2_common/pico_stdio/stdio.c.obj
 .text.stdio_put_string
                0x00000000100024dc      0x100 CMakeFiles/main.dir/home/oscar/pico/pico-sdk/src/rp2_common/pico_stdio/stdio.c.obj
                0x00000000100024dc                stdio_put_string
 .text.stdio_set_driver_enabled
                0x00000000100025dc       0x30 CMakeFiles/main.dir/home/oscar/pico/pico-sdk/src/rp2_common/pico_stdio/stdio.c.obj
                0x00000000100025dc                stdio_set_driver_enabled
 .text.stdio_init_all
                0x000000001000260c        0x8 CMakeFiles/main.dir/home/oscar/pico/pico-sdk/src/rp2_common/pico_stdio/stdio.c.obj
                0x000000001000260c                stdio_init_all
 .text.__wrap_putchar
                0x0000000010002614       0x98 CMakeFiles/main.dir/home/oscar/pico/pico-sdk/src/rp2_common/pico_stdio/stdio.c.obj
                0x0000000010002614                stdio_putchar
                0x0000000010002614                __wrap_putchar
 .text.__wrap_puts
                0x00000000100026ac       0x3c CMakeFiles/main.dir/home/oscar/pico/pico-sdk/src/rp2_common/pico_stdio/stdio.c.obj
                0x00000000100026ac                __wrap_puts
                0x00000000100026ac                stdio_puts
 .text.resetd_init
                0x00000000100026e8        0x4 CMakeFiles/main.dir/home/oscar/pico/pico-sdk/src/rp2_common/pico_stdio_usb/reset_interface.c.obj
 .text.resetd_reset
                0x00000000100026ec        0xc CMakeFiles/main.dir/home/oscar/pico/pico-sdk/src/rp2_common/pico_stdio_usb/reset_interface.c.obj
 .text.resetd_open
                0x00000000100026f8       0x28 CMakeFiles/main.dir/home/oscar/pico/pico-sdk/src/rp2_common/pico_stdio_usb/reset_interface.c.obj
 .text.resetd_xfer_cb
                0x0000000010002720        0x4 CMakeFiles/main.dir/home/oscar/pico/pico-sdk/src/rp2_common/pico_stdio_usb/reset_interface.c.obj
 .text.resetd_control_xfer_cb
                0x0000000010002724       0x54 CMakeFiles/main.dir/home/oscar/pico/pico-sdk/src/rp2_common/pico_stdio_usb/reset_interface.c.obj
 .text.tud_descriptor_bos_cb
                0x0000000010002778        0x8 CMakeFiles/main.dir/home/oscar/pico/pico-sdk/src/rp2_common/pico_stdio_usb/reset_interface.c.obj
                0x0000000010002778                tud_descriptor_bos_cb
 .text.tud_vendor_control_xfer_cb
                0x0000000010002780       0x34 CMakeFiles/main.dir/home/oscar/pico/pico-sdk/src/rp2_common/pico_stdio_usb/reset_interface.c.obj
                0x0000000010002780                tud_vendor_control_xfer_cb
 .text.usbd_app_driver_get_cb
                0x00000000100027b4        0xc CMakeFiles/main.dir/home/oscar/pico/pico-sdk/src/rp2_common/pico_stdio_usb/reset_interface.c.obj
                0x00000000100027b4                usbd_app_driver_get_cb
 .text.tud_cdc_line_coding_cb
                0x00000000100027c0       0x28 CMakeFiles/main.dir/home/oscar/pico/pico-sdk/src/rp2_common/pico_stdio_usb/reset_interface.c.obj
                0x00000000100027c0                tud_cdc_line_coding_cb
 .text.stdio_usb_set_chars_available_callback
                0x00000000100027e8       0x14 CMakeFiles/main.dir/home/oscar/pico/pico-sdk/src/rp2_common/pico_stdio_usb/stdio_usb.c.obj
                0x00000000100027e8                stdio_usb_set_chars_available_callback
 .text.usb_irq  0x00000000100027fc       0x10 CMakeFiles/main.dir/home/oscar/pico/pico-sdk/src/rp2_common/pico_stdio_usb/stdio_usb.c.obj
 .text.timer_task
                0x000000001000280c       0x64 CMakeFiles/main.dir/home/oscar/pico/pico-sdk/src/rp2_common/pico_stdio_usb/stdio_usb.c.obj
 .text.stdio_usb_in_chars
                0x0000000010002870       0x90 CMakeFiles/main.dir/home/oscar/pico/pico-sdk/src/rp2_common/pico_stdio_usb/stdio_usb.c.obj
                0x0000000010002870                stdio_usb_in_chars
 .text.stdio_usb_out_flush
                0x0000000010002900       0x50 CMakeFiles/main.dir/home/oscar/pico/pico-sdk/src/rp2_common/pico_stdio_usb/stdio_usb.c.obj
 .text.stdio_usb_out_chars
                0x0000000010002950      0x100 CMakeFiles/main.dir/home/oscar/pico/pico-sdk/src/rp2_common/pico_stdio_usb/stdio_usb.c.obj
 .text.low_priority_worker_irq
                0x0000000010002a50       0xc8 CMakeFiles/main.dir/home/oscar/pico/pico-sdk/src/rp2_common/pico_stdio_usb/stdio_usb.c.obj
 .text.stdio_usb_init
                0x0000000010002b18       0xe4 CMakeFiles/main.dir/home/oscar/pico/pico-sdk/src/rp2_common/pico_stdio_usb/stdio_usb.c.obj
                0x0000000010002b18                stdio_usb_init
 .text.tud_descriptor_device_cb
                0x0000000010002bfc        0x8 CMakeFiles/main.dir/home/oscar/pico/pico-sdk/src/rp2_common/pico_stdio_usb/stdio_usb_descriptors.c.obj
                0x0000000010002bfc                tud_descriptor_device_cb
 .text.tud_descriptor_configuration_cb
                0x0000000010002c04        0x8 CMakeFiles/main.dir/home/oscar/pico/pico-sdk/src/rp2_common/pico_stdio_usb/stdio_usb_descriptors.c.obj
                0x0000000010002c04                tud_descriptor_configuration_cb
 .text.tud_descriptor_string_cb
                0x0000000010002c0c       0x74 CMakeFiles/main.dir/home/oscar/pico/pico-sdk/src/rp2_common/pico_stdio_usb/stdio_usb_descriptors.c.obj
                0x0000000010002c0c                tud_descriptor_string_cb
 .text.startup._retrieve_unique_id_on_boot
                0x0000000010002c80       0x10 CMakeFiles/main.dir/home/oscar/pico/pico-sdk/src/rp2_common/pico_unique_id/unique_id.c.obj
 .text.pico_get_unique_board_id_string
                0x0000000010002c90      0x1a8 CMakeFiles/main.dir/home/oscar/pico/pico-sdk/src/rp2_common/pico_unique_id/unique_id.c.obj
                0x0000000010002c90                pico_get_unique_board_id_string
 .text.flash_get_unique_id
                0x0000000010002e38       0x40 CMakeFiles/main.dir/home/oscar/pico/pico-sdk/src/rp2_common/hardware_flash/flash.c.obj
                0x0000000010002e38                flash_get_unique_id
 .text.dcd_init
                0x0000000010002e78       0x8c CMakeFiles/main.dir/home/oscar/pico/pico-sdk/lib/tinyusb/src/portable/raspberrypi/rp2040/dcd_rp2040.c.obj
                0x0000000010002e78                dcd_init
 .text.dcd_int_enable
                0x0000000010002f04        0xc CMakeFiles/main.dir/home/oscar/pico/pico-sdk/lib/tinyusb/src/portable/raspberrypi/rp2040/dcd_rp2040.c.obj
                0x0000000010002f04                dcd_int_enable
 .text.dcd_set_address
                0x0000000010002f10       0x14 CMakeFiles/main.dir/home/oscar/pico/pico-sdk/lib/tinyusb/src/portable/raspberrypi/rp2040/dcd_rp2040.c.obj
                0x0000000010002f10                dcd_set_address
 .text.dcd_sof_enable
                0x0000000010002f24       0x1c CMakeFiles/main.dir/home/oscar/pico/pico-sdk/lib/tinyusb/src/portable/raspberrypi/rp2040/dcd_rp2040.c.obj
                0x0000000010002f24                dcd_sof_enable
 .text.dcd_edpt0_status_complete
                0x0000000010002f40       0x1c CMakeFiles/main.dir/home/oscar/pico/pico-sdk/lib/tinyusb/src/portable/raspberrypi/rp2040/dcd_rp2040.c.obj
                0x0000000010002f40                dcd_edpt0_status_complete
 .text.dcd_edpt_open
                0x0000000010002f5c      0x108 CMakeFiles/main.dir/home/oscar/pico/pico-sdk/lib/tinyusb/src/portable/raspberrypi/rp2040/dcd_rp2040.c.obj
                0x0000000010002f5c                dcd_edpt_open
 .text.dcd_edpt_close_all
                0x0000000010003064        0x8 CMakeFiles/main.dir/home/oscar/pico/pico-sdk/lib/tinyusb/src/portable/raspberrypi/rp2040/dcd_rp2040.c.obj
                0x0000000010003064                dcd_edpt_close_all
 .text.dcd_edpt_xfer
                0x000000001000306c       0x24 CMakeFiles/main.dir/home/oscar/pico/pico-sdk/lib/tinyusb/src/portable/raspberrypi/rp2040/dcd_rp2040.c.obj
                0x000000001000306c                dcd_edpt_xfer
 .text.dcd_edpt_stall
                0x0000000010003090       0x38 CMakeFiles/main.dir/home/oscar/pico/pico-sdk/lib/tinyusb/src/portable/raspberrypi/rp2040/dcd_rp2040.c.obj
                0x0000000010003090                dcd_edpt_stall
 .text.dcd_edpt_clear_stall
                0x00000000100030c8       0x30 CMakeFiles/main.dir/home/oscar/pico/pico-sdk/lib/tinyusb/src/portable/raspberrypi/rp2040/dcd_rp2040.c.obj
                0x00000000100030c8                dcd_edpt_clear_stall
 .text.rp2040_usb_init
                0x00000000100030f8       0x40 CMakeFiles/main.dir/home/oscar/pico/pico-sdk/lib/tinyusb/src/portable/raspberrypi/rp2040/rp2040_usb.c.obj
                0x00000000100030f8                rp2040_usb_init
 .text.hw_endpoint_xfer_start
                0x0000000010003138       0x50 CMakeFiles/main.dir/home/oscar/pico/pico-sdk/lib/tinyusb/src/portable/raspberrypi/rp2040/rp2040_usb.c.obj
                0x0000000010003138                hw_endpoint_xfer_start
 .text.tud_event_hook_cb
                0x0000000010003188        0x4 CMakeFiles/main.dir/home/oscar/pico/pico-sdk/lib/tinyusb/src/device/usbd.c.obj
                0x0000000010003188                tud_event_hook_cb
 .text.tud_sof_cb
                0x000000001000318c        0x4 CMakeFiles/main.dir/home/oscar/pico/pico-sdk/lib/tinyusb/src/device/usbd.c.obj
                0x000000001000318c                tud_sof_cb
 .text.tud_descriptor_device_qualifier_cb
                0x0000000010003190        0x4 CMakeFiles/main.dir/home/oscar/pico/pico-sdk/lib/tinyusb/src/device/usbd.c.obj
                0x0000000010003190                tud_descriptor_device_qualifier_cb
 .text.tud_descriptor_other_speed_configuration_cb
                0x0000000010003194        0x4 CMakeFiles/main.dir/home/oscar/pico/pico-sdk/lib/tinyusb/src/device/usbd.c.obj
                0x0000000010003194                tud_descriptor_other_speed_configuration_cb
 .text.tud_mount_cb
                0x0000000010003198        0x4 CMakeFiles/main.dir/home/oscar/pico/pico-sdk/lib/tinyusb/src/device/usbd.c.obj
                0x0000000010003198                tud_mount_cb
 .text.tud_umount_cb
                0x000000001000319c        0x4 CMakeFiles/main.dir/home/oscar/pico/pico-sdk/lib/tinyusb/src/device/usbd.c.obj
                0x000000001000319c                tud_umount_cb
 .text.tud_suspend_cb
                0x00000000100031a0        0x4 CMakeFiles/main.dir/home/oscar/pico/pico-sdk/lib/tinyusb/src/device/usbd.c.obj
                0x00000000100031a0                tud_suspend_cb
 .text.tud_resume_cb
                0x00000000100031a4        0x4 CMakeFiles/main.dir/home/oscar/pico/pico-sdk/lib/tinyusb/src/device/usbd.c.obj
                0x00000000100031a4                tud_resume_cb
 .text.tud_mounted
                0x00000000100031a8       0x10 CMakeFiles/main.dir/home/oscar/pico/pico-sdk/lib/tinyusb/src/device/usbd.c.obj
                0x00000000100031a8                tud_mounted
 .text.tud_suspended
                0x00000000100031b8       0x10 CMakeFiles/main.dir/home/oscar/pico/pico-sdk/lib/tinyusb/src/device/usbd.c.obj
                0x00000000100031b8                tud_suspended
 .text.tud_init
                0x00000000100031c8       0xe4 CMakeFiles/main.dir/home/oscar/pico/pico-sdk/lib/tinyusb/src/device/usbd.c.obj
                0x00000000100031c8                tud_init
 .text.tud_task_ext
                0x00000000100032ac      0x800 CMakeFiles/main.dir/home/oscar/pico/pico-sdk/lib/tinyusb/src/device/usbd.c.obj
                0x00000000100032ac                tud_task_ext
 .text.usbd_open_edpt_pair
                0x0000000010003aac       0x9c CMakeFiles/main.dir/home/oscar/pico/pico-sdk/lib/tinyusb/src/device/usbd.c.obj
                0x0000000010003aac                usbd_open_edpt_pair
 .text.usbd_edpt_open
                0x0000000010003b48       0x34 CMakeFiles/main.dir/home/oscar/pico/pico-sdk/lib/tinyusb/src/device/usbd.c.obj
                0x0000000010003b48                usbd_edpt_open
 .text.usbd_edpt_claim
                0x0000000010003b7c       0x28 CMakeFiles/main.dir/home/oscar/pico/pico-sdk/lib/tinyusb/src/device/usbd.c.obj
                0x0000000010003b7c                usbd_edpt_claim
 .text.usbd_edpt_release
                0x0000000010003ba4       0x28 CMakeFiles/main.dir/home/oscar/pico/pico-sdk/lib/tinyusb/src/device/usbd.c.obj
                0x0000000010003ba4                usbd_edpt_release
 .text.usbd_edpt_xfer
                0x0000000010003bcc       0x4c CMakeFiles/main.dir/home/oscar/pico/pico-sdk/lib/tinyusb/src/device/usbd.c.obj
                0x0000000010003bcc                usbd_edpt_xfer
 .text.tud_control_status
                0x0000000010003c18       0x30 CMakeFiles/main.dir/home/oscar/pico/pico-sdk/lib/tinyusb/src/device/usbd_control.c.obj
                0x0000000010003c18                tud_control_status
 .text.tud_control_xfer
                0x0000000010003c48       0xbc CMakeFiles/main.dir/home/oscar/pico/pico-sdk/lib/tinyusb/src/device/usbd_control.c.obj
                0x0000000010003c48                tud_control_xfer
 .text.usbd_control_reset
                0x0000000010003d04       0x14 CMakeFiles/main.dir/home/oscar/pico/pico-sdk/lib/tinyusb/src/device/usbd_control.c.obj
                0x0000000010003d04                usbd_control_reset
 .text.usbd_control_set_complete_callback
                0x0000000010003d18        0xc CMakeFiles/main.dir/home/oscar/pico/pico-sdk/lib/tinyusb/src/device/usbd_control.c.obj
                0x0000000010003d18                usbd_control_set_complete_callback
 .text.usbd_control_set_request
                0x0000000010003d24       0x1c CMakeFiles/main.dir/home/oscar/pico/pico-sdk/lib/tinyusb/src/device/usbd_control.c.obj
                0x0000000010003d24                usbd_control_set_request
 .text.usbd_control_xfer_cb
                0x0000000010003d40       0xf0 CMakeFiles/main.dir/home/oscar/pico/pico-sdk/lib/tinyusb/src/device/usbd_control.c.obj
                0x0000000010003d40                usbd_control_xfer_cb
 .text._prep_out_transaction.isra.0
                0x0000000010003e30       0x5c CMakeFiles/main.dir/home/oscar/pico/pico-sdk/lib/tinyusb/src/class/cdc/cdc_device.c.obj
 .text.tud_cdc_n_connected
                0x0000000010003e8c       0x30 CMakeFiles/main.dir/home/oscar/pico/pico-sdk/lib/tinyusb/src/class/cdc/cdc_device.c.obj
                0x0000000010003e8c                tud_cdc_n_connected
 .text.tud_cdc_n_available
                0x0000000010003ebc       0x18 CMakeFiles/main.dir/home/oscar/pico/pico-sdk/lib/tinyusb/src/class/cdc/cdc_device.c.obj
                0x0000000010003ebc                tud_cdc_n_available
 .text.tud_cdc_n_read
                0x0000000010003ed4       0x98 CMakeFiles/main.dir/home/oscar/pico/pico-sdk/lib/tinyusb/src/class/cdc/cdc_device.c.obj
                0x0000000010003ed4                tud_cdc_n_read
 .text.tud_cdc_n_write_flush
                0x0000000010003f6c       0x78 CMakeFiles/main.dir/home/oscar/pico/pico-sdk/lib/tinyusb/src/class/cdc/cdc_device.c.obj
                0x0000000010003f6c                tud_cdc_n_write_flush
 .text.tud_cdc_n_write
                0x0000000010003fe4       0x44 CMakeFiles/main.dir/home/oscar/pico/pico-sdk/lib/tinyusb/src/class/cdc/cdc_device.c.obj
                0x0000000010003fe4                tud_cdc_n_write
 .text.tud_cdc_n_write_available
                0x0000000010004028       0x18 CMakeFiles/main.dir/home/oscar/pico/pico-sdk/lib/tinyusb/src/class/cdc/cdc_device.c.obj
                0x0000000010004028                tud_cdc_n_write_available
 .text.cdcd_init
                0x0000000010004040       0x7c CMakeFiles/main.dir/home/oscar/pico/pico-sdk/lib/tinyusb/src/class/cdc/cdc_device.c.obj
                0x0000000010004040                cdcd_init
 .text.cdcd_deinit
                0x00000000100040bc       0x24 CMakeFiles/main.dir/home/oscar/pico/pico-sdk/lib/tinyusb/src/class/cdc/cdc_device.c.obj
                0x00000000100040bc                cdcd_deinit
 .text.cdcd_reset
                0x00000000100040e0       0x4c CMakeFiles/main.dir/home/oscar/pico/pico-sdk/lib/tinyusb/src/class/cdc/cdc_device.c.obj
                0x00000000100040e0                cdcd_reset
 .text.cdcd_open
                0x000000001000412c       0xb4 CMakeFiles/main.dir/home/oscar/pico/pico-sdk/lib/tinyusb/src/class/cdc/cdc_device.c.obj
                0x000000001000412c                cdcd_open
 .text.cdcd_control_xfer_cb
                0x00000000100041e0       0xe4 CMakeFiles/main.dir/home/oscar/pico/pico-sdk/lib/tinyusb/src/class/cdc/cdc_device.c.obj
                0x00000000100041e0                cdcd_control_xfer_cb
 .text.cdcd_xfer_cb
                0x00000000100042c4       0xfc CMakeFiles/main.dir/home/oscar/pico/pico-sdk/lib/tinyusb/src/class/cdc/cdc_device.c.obj
                0x00000000100042c4                cdcd_xfer_cb
 .text.tud_vendor_n_write_flush
                0x00000000100043c0       0x78 CMakeFiles/main.dir/home/oscar/pico/pico-sdk/lib/tinyusb/src/class/vendor/vendor_device.c.obj
                0x00000000100043c0                tud_vendor_n_write_flush
 .text.vendord_init
                0x0000000010004438       0x64 CMakeFiles/main.dir/home/oscar/pico/pico-sdk/lib/tinyusb/src/class/vendor/vendor_device.c.obj
                0x0000000010004438                vendord_init
 .text.vendord_deinit
                0x000000001000449c       0x24 CMakeFiles/main.dir/home/oscar/pico/pico-sdk/lib/tinyusb/src/class/vendor/vendor_device.c.obj
                0x000000001000449c                vendord_deinit
 .text.vendord_reset
                0x00000000100044c0       0x1c CMakeFiles/main.dir/home/oscar/pico/pico-sdk/lib/tinyusb/src/class/vendor/vendor_device.c.obj
                0x00000000100044c0                vendord_reset
 .text.vendord_open
                0x00000000100044dc       0xc8 CMakeFiles/main.dir/home/oscar/pico/pico-sdk/lib/tinyusb/src/class/vendor/vendor_device.c.obj
                0x00000000100044dc                vendord_open
 .text.vendord_xfer_cb
                0x00000000100045a4       0xc8 CMakeFiles/main.dir/home/oscar/pico/pico-sdk/lib/tinyusb/src/class/vendor/vendor_device.c.obj
                0x00000000100045a4                vendord_xfer_cb
 .text.tusb_init
                0x000000001000466c        0xc CMakeFiles/main.dir/home/oscar/pico/pico-sdk/lib/tinyusb/src/tusb.c.obj
                0x000000001000466c                tusb_init
 .text.tu_edpt_claim
                0x0000000010004678       0x50 CMakeFiles/main.dir/home/oscar/pico/pico-sdk/lib/tinyusb/src/tusb.c.obj
                0x0000000010004678                tu_edpt_claim
 .text.tu_edpt_release
                0x00000000100046c8       0x38 CMakeFiles/main.dir/home/oscar/pico/pico-sdk/lib/tinyusb/src/tusb.c.obj
                0x00000000100046c8                tu_edpt_release
 .text.tu_edpt_validate
                0x0000000010004700       0x78 CMakeFiles/main.dir/home/oscar/pico/pico-sdk/lib/tinyusb/src/tusb.c.obj
                0x0000000010004700                tu_edpt_validate
 .text.tu_edpt_bind_driver
                0x0000000010004778       0x34 CMakeFiles/main.dir/home/oscar/pico/pico-sdk/lib/tinyusb/src/tusb.c.obj
                0x0000000010004778                tu_edpt_bind_driver
 .text.tu_fifo_config
                0x00000000100047ac       0x70 CMakeFiles/main.dir/home/oscar/pico/pico-sdk/lib/tinyusb/src/common/tusb_fifo.c.obj
                0x00000000100047ac                tu_fifo_config
 .text.tu_fifo_count
                0x000000001000481c       0x2c CMakeFiles/main.dir/home/oscar/pico/pico-sdk/lib/tinyusb/src/common/tusb_fifo.c.obj
                0x000000001000481c                tu_fifo_count
 .text.tu_fifo_empty
                0x0000000010004848       0x10 CMakeFiles/main.dir/home/oscar/pico/pico-sdk/lib/tinyusb/src/common/tusb_fifo.c.obj
                0x0000000010004848                tu_fifo_empty
 .text.tu_fifo_remaining
                0x0000000010004858       0x2c CMakeFiles/main.dir/home/oscar/pico/pico-sdk/lib/tinyusb/src/common/tusb_fifo.c.obj
                0x0000000010004858                tu_fifo_remaining
 .text.tu_fifo_read
                0x0000000010004884       0xa0 CMakeFiles/main.dir/home/oscar/pico/pico-sdk/lib/tinyusb/src/common/tusb_fifo.c.obj
                0x0000000010004884                tu_fifo_read
 .text.tu_fifo_read_n
                0x0000000010004924       0xec CMakeFiles/main.dir/home/oscar/pico/pico-sdk/lib/tinyusb/src/common/tusb_fifo.c.obj
                0x0000000010004924                tu_fifo_read_n
 .text.tu_fifo_write
                0x0000000010004a10       0x88 CMakeFiles/main.dir/home/oscar/pico/pico-sdk/lib/tinyusb/src/common/tusb_fifo.c.obj
                0x0000000010004a10                tu_fifo_write
 .text.tu_fifo_write_n
                0x0000000010004a98      0x168 CMakeFiles/main.dir/home/oscar/pico/pico-sdk/lib/tinyusb/src/common/tusb_fifo.c.obj
                0x0000000010004a98                tu_fifo_write_n
 .text.tu_fifo_clear
                0x0000000010004c00       0x40 CMakeFiles/main.dir/home/oscar/pico/pico-sdk/lib/tinyusb/src/common/tusb_fifo.c.obj
                0x0000000010004c00                tu_fifo_clear
 .text.tu_fifo_set_overwritable
                0x0000000010004c40       0x48 CMakeFiles/main.dir/home/oscar/pico/pico-sdk/lib/tinyusb/src/common/tusb_fifo.c.obj
                0x0000000010004c40                tu_fifo_set_overwritable
 .text.spi_init
                0x0000000010004c88      0x134 CMakeFiles/main.dir/home/oscar/pico/pico-sdk/src/rp2_common/hardware_spi/spi.c.obj
                0x0000000010004c88                spi_init
 .text.i2c_set_baudrate
                0x0000000010004dbc       0xc0 CMakeFiles/main.dir/home/oscar/pico/pico-sdk/src/rp2_common/hardware_i2c/i2c.c.obj
                0x0000000010004dbc                i2c_set_baudrate
 .text.i2c_init
                0x0000000010004e7c       0x54 CMakeFiles/main.dir/home/oscar/pico/pico-sdk/src/rp2_common/hardware_i2c/i2c.c.obj
                0x0000000010004e7c                i2c_init
 .text.i2c_write_blocking
                0x0000000010004ed0       0xd0 CMakeFiles/main.dir/home/oscar/pico/pico-sdk/src/rp2_common/hardware_i2c/i2c.c.obj
                0x0000000010004ed0                i2c_write_blocking
 .text.i2c_read_blocking
                0x0000000010004fa0       0xac CMakeFiles/main.dir/home/oscar/pico/pico-sdk/src/rp2_common/hardware_i2c/i2c.c.obj
                0x0000000010004fa0                i2c_read_blocking
 .text.Touch_INT_callback
                0x000000001000504c       0x40 examples/libexamples.a(LCD_1in69_test.c.obj)
                0x000000001000504c                Touch_INT_callback
 .text.LCD_1in69_test
                0x000000001000508c       0xe0 examples/libexamples.a(LCD_1in69_test.c.obj)
                0x000000001000508c                LCD_1in69_test
 .text.LCD_1IN69_SetWindows
                0x000000001000516c      0x278 lib/LCD/libLCD.a(LCD_1in69.c.obj)
                0x000000001000516c                LCD_1IN69_SetWindows
 .text.LCD_1IN69_Clear
                0x00000000100053e4       0x5c lib/LCD/libLCD.a(LCD_1in69.c.obj)
                0x00000000100053e4                LCD_1IN69_Clear
 .text.LCD_1IN69_Init
                0x0000000010005440      0x860 lib/LCD/libLCD.a(LCD_1in69.c.obj)
                0x0000000010005440                LCD_1IN69_Init
 .text.LCD_1IN69_DrawPoint
                0x0000000010005ca0       0x34 lib/LCD/libLCD.a(LCD_1in69.c.obj)
                0x0000000010005ca0                LCD_1IN69_DrawPoint
 .text.Touch_1IN69_Get_Point
                0x0000000010005cd4       0x44 lib/LCD/libLCD.a(Touch_1in69.c.obj)
                0x0000000010005cd4                Touch_1IN69_Get_Point
 .text.Paint_NewImage
                0x0000000010005d18       0x44 lib/GUI/libGUI.a(GUI_Paint.c.obj)
                0x0000000010005d18                Paint_NewImage
 .text.Paint_SetScale
                0x0000000010005d5c       0x6c lib/GUI/libGUI.a(GUI_Paint.c.obj)
                0x0000000010005d5c                Paint_SetScale
 .text.Paint_Clear
                0x0000000010005dc8       0xc4 lib/GUI/libGUI.a(GUI_Paint.c.obj)
                0x0000000010005dc8                Paint_Clear
 .text.DEV_Digital_Write
                0x0000000010005e8c       0x14 lib/Config/libConfig.a(DEV_Config.c.obj)
                0x0000000010005e8c                DEV_Digital_Write
 .text.DEV_IRQ_SET
                0x0000000010005ea0        0x8 lib/Config/libConfig.a(DEV_Config.c.obj)
                0x0000000010005ea0                DEV_IRQ_SET
 .text.DEV_SPI_WriteByte
                0x0000000010005ea8       0x1c lib/Config/libConfig.a(DEV_Config.c.obj)
                0x0000000010005ea8                DEV_SPI_WriteByte
 .text.DEV_SPI_Write_nByte
                0x0000000010005ec4       0x14 lib/Config/libConfig.a(DEV_Config.c.obj)
                0x0000000010005ec4                DEV_SPI_Write_nByte
 .text.DEV_I2C_Read_Byte
                0x0000000010005ed8       0x38 lib/Config/libConfig.a(DEV_Config.c.obj)
                0x0000000010005ed8                DEV_I2C_Read_Byte
 .text.DEV_I2C_Read_nByte
                0x0000000010005f10       0x38 lib/Config/libConfig.a(DEV_Config.c.obj)
                0x0000000010005f10                DEV_I2C_Read_nByte
 .text.DEV_SET_PWM
                0x0000000010005f48       0x40 lib/Config/libConfig.a(DEV_Config.c.obj)
                0x0000000010005f48                DEV_SET_PWM
 .text.DEV_Delay_ms
                0x0000000010005f88        0x8 lib/Config/libConfig.a(DEV_Config.c.obj)
                0x0000000010005f88                DEV_Delay_ms
 .text.DEV_Module_Init
                0x0000000010005f90      0x110 lib/Config/libConfig.a(DEV_Config.c.obj)
                0x0000000010005f90                DEV_Module_Init
 .text          0x00000000100060a0      0x6bc lib/liblvgl.a(lv_disp.c.obj)
                0x00000000100061a0                lv_disp_get_scr_act
                0x00000000100061bc                lv_disp_get_scr_prev
                0x00000000100061d8                lv_disp_get_layer_top
                0x00000000100061f4                lv_disp_get_layer_sys
                0x0000000010006210                lv_disp_set_theme
                0x000000001000625c                lv_disp_get_theme
                0x000000001000626c                lv_disp_set_bg_color
                0x00000000100062b4                lv_disp_set_bg_image
                0x00000000100062fc                lv_disp_set_bg_opa
                0x0000000010006344                lv_scr_load_anim
                0x0000000010006664                lv_disp_load_scr
                0x0000000010006678                lv_disp_get_inactive_time
                0x00000000100066bc                lv_disp_trig_activity
                0x00000000100066d8                lv_disp_clean_dcache
                0x00000000100066f4                lv_disp_enable_invalidation
                0x000000001000671c                lv_disp_is_invalidation_enabled
                0x0000000010006740                _lv_disp_get_refr_timer
 .text          0x000000001000675c      0x5b0 lib/liblvgl.a(lv_event.c.obj)
                0x0000000010006928                lv_event_send
                0x0000000010006968                lv_obj_event_base
                0x0000000010006998                lv_event_get_target
                0x000000001000699c                lv_event_get_current_target
                0x00000000100069a0                lv_event_get_code
                0x00000000100069a8                lv_event_get_param
                0x00000000100069ac                lv_event_get_user_data
                0x00000000100069b0                lv_event_stop_bubbling
                0x00000000100069bc                lv_event_stop_processing
                0x00000000100069c8                lv_event_register_id
                0x00000000100069d8                _lv_event_mark_deleted
                0x0000000010006a08                lv_obj_add_event_cb
                0x0000000010006a6c                lv_obj_remove_event_cb
                0x0000000010006af0                lv_obj_remove_event_cb_with_user_data
                0x0000000010006b94                lv_obj_remove_event_dsc
                0x0000000010006c14                lv_obj_get_event_user_data
                0x0000000010006c44                lv_event_get_indev
                0x0000000010006c54                lv_event_get_draw_part_dsc
                0x0000000010006c64                lv_event_get_draw_ctx
                0x0000000010006c74                lv_event_get_old_size
                0x0000000010006c84                lv_event_get_key
                0x0000000010006c98                lv_event_get_scroll_anim
                0x0000000010006ca8                lv_event_set_ext_draw_size
                0x0000000010006cc8                lv_event_get_self_size_info
                0x0000000010006cd8                lv_event_get_hit_test_info
                0x0000000010006ce8                lv_event_get_cover_area
                0x0000000010006cf8                lv_event_set_cover_res
 .text          0x0000000010006d0c     0x12c4 lib/liblvgl.a(lv_indev.c.obj)
                0x0000000010006e78                lv_indev_enable
                0x0000000010006eb8                lv_indev_get_act
                0x0000000010006ec4                lv_indev_get_type
                0x0000000010006ed4                lv_indev_reset
                0x0000000010006fb4                lv_indev_reset_long_press
                0x0000000010006fd0                lv_indev_set_cursor
                0x0000000010007014                lv_indev_set_group
                0x0000000010007024                lv_indev_set_button_points
                0x0000000010007030                lv_indev_get_point
                0x0000000010007060                lv_indev_get_gesture_dir
                0x0000000010007068                lv_indev_get_key
                0x0000000010007078                lv_indev_get_scroll_dir
                0x0000000010007098                lv_indev_get_scroll_obj
                0x00000000100070b4                lv_indev_get_vect
                0x00000000100070d8                lv_indev_wait_release
                0x00000000100070e8                lv_indev_get_obj_act
                0x00000000100070f4                lv_indev_get_read_timer
                0x0000000010007100                lv_indev_search_obj
                0x0000000010007630                lv_indev_read_timer_cb
 .text          0x0000000010007fd0      0xd40 lib/liblvgl.a(lv_indev_scroll.c.obj)
                0x00000000100083a8                _lv_indev_scroll_handler
                0x00000000100089dc                _lv_indev_scroll_throw_handler
                0x0000000010008ca0                lv_indev_scroll_throw_predict
                0x0000000010008ce4                lv_indev_scroll_get_snap_dist
 .text          0x0000000010008d10     0x10fc lib/liblvgl.a(lv_obj.c.obj)
                0x0000000010009af8                lv_is_initialized
                0x0000000010009b04                lv_init
                0x0000000010009b5c                lv_deinit
                0x0000000010009b78                lv_obj_create
                0x0000000010009b90                lv_obj_add_flag
                0x0000000010009c28                lv_obj_clear_flag
                0x0000000010009cac                lv_obj_add_state
                0x0000000010009cbc                lv_obj_clear_state
                0x0000000010009cd0                lv_obj_has_flag
                0x0000000010009ce0                lv_obj_has_flag_any
                0x0000000010009cec                lv_obj_get_state
                0x0000000010009cf0                lv_obj_has_state
                0x0000000010009cfc                lv_obj_get_group
                0x0000000010009d08                lv_obj_allocate_spec_attr
                0x0000000010009d4c                lv_obj_check_type
                0x0000000010009d60                lv_obj_has_class
                0x0000000010009d7c                lv_obj_get_class
                0x0000000010009d80                lv_obj_is_valid
 .text          0x0000000010009e0c      0x2bc lib/liblvgl.a(lv_obj_class.c.obj)
                0x0000000010009e78                lv_obj_class_create_obj
                0x0000000010009f68                lv_obj_class_init_obj
                0x000000001000a050                _lv_obj_destruct
                0x000000001000a078                lv_obj_is_editable
                0x000000001000a0a0                lv_obj_is_group_def
 .text          0x000000001000a0c8      0x79c lib/liblvgl.a(lv_obj_draw.c.obj)
                0x000000001000a0c8                lv_obj_init_draw_rect_dsc
                0x000000001000a3e0                lv_obj_init_draw_label_dsc
                0x000000001000a4a0                lv_obj_init_draw_img_dsc
                0x000000001000a554                lv_obj_init_draw_line_dsc
                0x000000001000a620                lv_obj_init_draw_arc_dsc
                0x000000001000a6cc                lv_obj_calculate_ext_draw_size
                0x000000001000a7b8                lv_obj_draw_dsc_init
                0x000000001000a7c8                lv_obj_draw_part_check_type
                0x000000001000a7e0                lv_obj_refresh_ext_draw_size
                0x000000001000a844                _lv_obj_get_ext_draw_size
                0x000000001000a854                _lv_obj_get_layer_type
 .text          0x000000001000a864     0x268c lib/liblvgl.a(lv_obj_pos.c.obj)
                0x000000001000ac4c                lv_obj_set_pos
                0x000000001000acb4                lv_obj_set_x
                0x000000001000ace4                lv_obj_set_y
                0x000000001000ad14                lv_obj_set_size
                0x000000001000ad7c                lv_obj_set_width
                0x000000001000adac                lv_obj_set_height
                0x000000001000addc                lv_obj_set_content_width
                0x000000001000ae38                lv_obj_set_content_height
                0x000000001000ae94                lv_obj_set_layout
                0x000000001000aec8                lv_obj_is_layout_positioned
                0x000000001000aefc                lv_obj_mark_layout_as_dirty
                0x000000001000af24                lv_layout_register
                0x000000001000af60                lv_obj_set_align
                0x000000001000af6c                lv_obj_align
                0x000000001000afdc                lv_obj_get_coords
                0x000000001000aff8                lv_obj_get_x
                0x000000001000b044                lv_obj_get_x2
                0x000000001000b0a0                lv_obj_get_y
                0x000000001000b0ec                lv_obj_get_y2
                0x000000001000b148                lv_obj_get_x_aligned
                0x000000001000b158                lv_obj_get_y_aligned
                0x000000001000b168                lv_obj_get_width
                0x000000001000b178                lv_obj_get_height
                0x000000001000b188                lv_obj_get_content_width
                0x000000001000b1c4                lv_obj_get_content_height
                0x000000001000b200                lv_obj_get_content_coords
                0x000000001000b274                lv_obj_get_self_width
                0x000000001000b294                lv_obj_get_self_height
                0x000000001000b2b4                lv_obj_refresh_self_size
                0x000000001000b30c                lv_obj_move_children_by
                0x000000001000b3c8                lv_obj_transform_point
                0x000000001000b458                lv_obj_get_transformed_area
                0x000000001000b768                lv_obj_area_is_visible
                0x000000001000b860                lv_obj_invalidate_area
                0x000000001000b8a4                lv_obj_invalidate
                0x000000001000b914                lv_obj_move_to
                0x000000001000bac8                lv_obj_refr_pos
                0x000000001000c62c                lv_obj_refr_size
                0x000000001000c6ec                lv_obj_align_to
                0x000000001000cc80                lv_obj_update_layout
                0x000000001000ccc0                lv_obj_is_visible
                0x000000001000ccf8                lv_obj_set_ext_click_area
                0x000000001000cd08                lv_obj_get_click_area
                0x000000001000cd3c                lv_obj_hit_test
                0x000000001000cdd0                lv_clamp_width
                0x000000001000ce60                lv_clamp_height
 .text          0x000000001000cef0     0x1c60 lib/liblvgl.a(lv_obj_scroll.c.obj)
                0x000000001000d168                lv_obj_set_scrollbar_mode
                0x000000001000d190                lv_obj_set_scroll_dir
                0x000000001000d1b4                lv_obj_set_scroll_snap_x
                0x000000001000d1d4                lv_obj_set_scroll_snap_y
                0x000000001000d1f4                lv_obj_get_scrollbar_mode
                0x000000001000d208                lv_obj_get_scroll_dir
                0x000000001000d21c                lv_obj_get_scroll_snap_x
                0x000000001000d230                lv_obj_get_scroll_snap_y
                0x000000001000d244                lv_obj_get_scroll_x
                0x000000001000d258                lv_obj_get_scroll_y
                0x000000001000d26c                lv_obj_get_scroll_top
                0x000000001000d280                lv_obj_get_scroll_bottom
                0x000000001000dc9c                lv_obj_get_scroll_left
                0x000000001000dcc8                lv_obj_get_scroll_right
                0x000000001000dcf4                lv_obj_get_scroll_end
                0x000000001000dd5c                lv_obj_scroll_by
                0x000000001000e450                lv_obj_scroll_by_bounded
                0x000000001000e638                lv_obj_scroll_to
                0x000000001000e6a0                lv_obj_scroll_to_x
                0x000000001000e6d8                lv_obj_scroll_to_y
                0x000000001000e710                lv_obj_scroll_to_view
                0x000000001000e734                lv_obj_scroll_to_view_recursive
                0x000000001000e770                _lv_obj_scroll_by_raw
                0x000000001000e7bc                lv_obj_is_scrolling
                0x000000001000e7e8                lv_obj_update_snap
                0x000000001000e974                lv_obj_get_scrollbar_area
                0x000000001000e9b8                lv_obj_scrollbar_invalidate
                0x000000001000ea3c                lv_obj_readjust_scroll
 .text          0x000000001000eb50     0x18dc lib/liblvgl.a(lv_obj_style.c.obj)
                0x000000001000f09c                _lv_obj_style_init
                0x000000001000f0ac                lv_obj_enable_style_refresh
                0x000000001000f0b8                lv_obj_get_style_prop
                0x000000001000f434                lv_obj_refresh_style
                0x000000001000f448                lv_obj_add_style
                0x000000001000f680                lv_obj_remove_style
                0x000000001000fcc0                lv_obj_report_style_change
                0x000000001000fdb4                lv_obj_set_local_style_prop
                0x000000001000fde4                lv_obj_set_local_style_prop_meta
                0x000000001000fe14                lv_obj_get_local_style_prop
                0x000000001000fe48                lv_obj_remove_local_style_prop
                0x000000001000feb4                _lv_obj_style_create_transition
                0x0000000010010038                _lv_obj_style_apply_color_filter
                0x0000000010010078                _lv_obj_style_state_compare
                0x00000000100102f4                lv_obj_fade_in
                0x0000000010010330                lv_obj_fade_out
                0x0000000010010370                lv_obj_style_get_selector_state
                0x0000000010010374                lv_obj_style_get_selector_part
                0x000000001001037c                lv_obj_calculate_style_text_align
                0x00000000100103a0                lv_obj_get_style_opa_recursive
 .text          0x000000001001042c      0x5a0 lib/liblvgl.a(lv_obj_style_gen.c.obj)
                0x000000001001042c                lv_obj_set_style_width
                0x000000001001043c                lv_obj_set_style_min_width
                0x000000001001044c                lv_obj_set_style_max_width
                0x000000001001045c                lv_obj_set_style_height
                0x000000001001046c                lv_obj_set_style_min_height
                0x000000001001047c                lv_obj_set_style_max_height
                0x000000001001048c                lv_obj_set_style_x
                0x000000001001049c                lv_obj_set_style_y
                0x00000000100104ac                lv_obj_set_style_align
                0x00000000100104bc                lv_obj_set_style_transform_width
                0x00000000100104cc                lv_obj_set_style_transform_height
                0x00000000100104dc                lv_obj_set_style_translate_x
                0x00000000100104ec                lv_obj_set_style_translate_y
                0x00000000100104fc                lv_obj_set_style_transform_zoom
                0x000000001001050c                lv_obj_set_style_transform_angle
                0x000000001001051c                lv_obj_set_style_transform_pivot_x
                0x000000001001052c                lv_obj_set_style_transform_pivot_y
                0x000000001001053c                lv_obj_set_style_pad_top
                0x000000001001054c                lv_obj_set_style_pad_bottom
                0x000000001001055c                lv_obj_set_style_pad_left
                0x000000001001056c                lv_obj_set_style_pad_right
                0x000000001001057c                lv_obj_set_style_pad_row
                0x000000001001058c                lv_obj_set_style_pad_column
                0x000000001001059c                lv_obj_set_style_bg_color
                0x00000000100105b4                lv_obj_set_style_bg_opa
                0x00000000100105c4                lv_obj_set_style_bg_grad_color
                0x00000000100105dc                lv_obj_set_style_bg_grad_dir
                0x00000000100105ec                lv_obj_set_style_bg_main_stop
                0x00000000100105fc                lv_obj_set_style_bg_grad_stop
                0x000000001001060c                lv_obj_set_style_bg_grad
                0x000000001001061c                lv_obj_set_style_bg_dither_mode
                0x000000001001062c                lv_obj_set_style_bg_img_src
                0x000000001001063c                lv_obj_set_style_bg_img_opa
                0x000000001001064c                lv_obj_set_style_bg_img_recolor
                0x0000000010010664                lv_obj_set_style_bg_img_recolor_opa
                0x0000000010010674                lv_obj_set_style_bg_img_tiled
                0x0000000010010684                lv_obj_set_style_border_color
                0x000000001001069c                lv_obj_set_style_border_opa
                0x00000000100106ac                lv_obj_set_style_border_width
                0x00000000100106bc                lv_obj_set_style_border_side
                0x00000000100106cc                lv_obj_set_style_border_post
                0x00000000100106dc                lv_obj_set_style_outline_width
                0x00000000100106ec                lv_obj_set_style_outline_color
                0x0000000010010704                lv_obj_set_style_outline_opa
                0x0000000010010714                lv_obj_set_style_outline_pad
                0x0000000010010724                lv_obj_set_style_shadow_width
                0x0000000010010734                lv_obj_set_style_shadow_ofs_x
                0x0000000010010744                lv_obj_set_style_shadow_ofs_y
                0x0000000010010754                lv_obj_set_style_shadow_spread
                0x0000000010010764                lv_obj_set_style_shadow_color
                0x000000001001077c                lv_obj_set_style_shadow_opa
                0x000000001001078c                lv_obj_set_style_img_opa
                0x000000001001079c                lv_obj_set_style_img_recolor
                0x00000000100107b4                lv_obj_set_style_img_recolor_opa
                0x00000000100107c4                lv_obj_set_style_line_width
                0x00000000100107d4                lv_obj_set_style_line_dash_width
                0x00000000100107e4                lv_obj_set_style_line_dash_gap
                0x00000000100107f4                lv_obj_set_style_line_rounded
                0x0000000010010804                lv_obj_set_style_line_color
                0x000000001001081c                lv_obj_set_style_line_opa
                0x000000001001082c                lv_obj_set_style_arc_width
                0x000000001001083c                lv_obj_set_style_arc_rounded
                0x000000001001084c                lv_obj_set_style_arc_color
                0x0000000010010864                lv_obj_set_style_arc_opa
                0x0000000010010874                lv_obj_set_style_arc_img_src
                0x0000000010010884                lv_obj_set_style_text_color
                0x000000001001089c                lv_obj_set_style_text_opa
                0x00000000100108ac                lv_obj_set_style_text_font
                0x00000000100108bc                lv_obj_set_style_text_letter_space
                0x00000000100108cc                lv_obj_set_style_text_line_space
                0x00000000100108dc                lv_obj_set_style_text_decor
                0x00000000100108ec                lv_obj_set_style_text_align
                0x00000000100108fc                lv_obj_set_style_radius
                0x000000001001090c                lv_obj_set_style_clip_corner
                0x000000001001091c                lv_obj_set_style_opa
                0x000000001001092c                lv_obj_set_style_opa_layered
                0x000000001001093c                lv_obj_set_style_color_filter_dsc
                0x000000001001094c                lv_obj_set_style_color_filter_opa
                0x000000001001095c                lv_obj_set_style_anim
                0x000000001001096c                lv_obj_set_style_anim_time
                0x000000001001097c                lv_obj_set_style_anim_speed
                0x000000001001098c                lv_obj_set_style_transition
                0x000000001001099c                lv_obj_set_style_blend_mode
                0x00000000100109ac                lv_obj_set_style_layout
                0x00000000100109bc                lv_obj_set_style_base_dir
 .text          0x00000000100109cc      0x970 lib/liblvgl.a(lv_obj_tree.c.obj)
                0x0000000010010cc4                lv_obj_del_anim_ready_cb
                0x0000000010010d78                lv_obj_del
                0x0000000010010e28                lv_obj_clean
                0x0000000010010e78                lv_obj_del_delayed
                0x0000000010010ea8                lv_obj_del_async
                0x0000000010010eb8                lv_obj_set_parent
                0x0000000010010fdc                lv_obj_move_to_index
                0x00000000100110c8                lv_obj_swap
                0x0000000010011248                lv_obj_get_screen
                0x0000000010011258                lv_obj_get_disp
                0x00000000100112a8                lv_obj_get_parent
                0x00000000100112b4                lv_obj_get_child
                0x00000000100112d4                lv_obj_get_child_cnt
                0x00000000100112e4                lv_obj_get_index
                0x0000000010011334                lv_obj_tree_walk
 .text          0x000000001001133c     0x1634 lib/liblvgl.a(lv_refr.c.obj)
                0x00000000100113b8                _lv_refr_init
                0x00000000100113bc                lv_obj_redraw
                0x0000000010012194                _lv_inv_area
                0x0000000010012284                _lv_refr_get_disp_refreshing
                0x0000000010012290                _lv_refr_set_disp_refreshing
                0x000000001001229c                _lv_disp_refr_timer
                0x0000000010012928                lv_refr_now
 .text          0x0000000010012970      0x1e0 lib/liblvgl.a(lv_theme.c.obj)
                0x00000000100129d0                lv_theme_get_from_obj
                0x00000000100129e8                lv_theme_apply
                0x0000000010012a6c                lv_theme_set_parent
                0x0000000010012a70                lv_theme_set_apply_cb
                0x0000000010012a74                lv_theme_get_font_small
                0x0000000010012aa0                lv_theme_get_font_normal
                0x0000000010012acc                lv_theme_get_font_large
                0x0000000010012af8                lv_theme_get_color_primary
                0x0000000010012b24                lv_theme_get_color_secondary
 .text          0x0000000010012b50       0x10 lib/liblvgl.a(lv_draw.c.obj)
                0x0000000010012b50                lv_draw_init
                0x0000000010012b54                lv_draw_wait_for_finish
 .text          0x0000000010012b60      0x3a4 lib/liblvgl.a(lv_draw_img.c.obj)
                0x0000000010012b60                lv_draw_img_dsc_init
                0x0000000010012b80                lv_draw_img
                0x0000000010012e88                lv_img_cf_get_px_size
                0x0000000010012e9c                lv_img_cf_is_chroma_keyed
                0x0000000010012eb0                lv_img_cf_has_alpha
                0x0000000010012ed0                lv_img_src_get_type
                0x0000000010012eec                lv_draw_img_decoded
 .text          0x0000000010012f04      0x76c lib/liblvgl.a(lv_draw_label.c.obj)
                0x0000000010012f04                lv_draw_label_dsc_init
                0x0000000010012f34                lv_draw_label
                0x0000000010013668                lv_draw_letter
 .text          0x0000000010013670       0xc0 lib/liblvgl.a(lv_draw_layer.c.obj)
                0x0000000010013670                lv_draw_layer_create
                0x00000000100136d4                lv_draw_layer_adjust
                0x00000000100136e0                lv_draw_layer_blend
                0x00000000100136ec                lv_draw_layer_destroy
 .text          0x0000000010013730       0x30 lib/liblvgl.a(lv_draw_line.c.obj)
                0x0000000010013730                lv_draw_line_dsc_init
                0x0000000010013748                lv_draw_line
 .text          0x0000000010013760     0x20f4 lib/liblvgl.a(lv_draw_mask.c.obj)
                0x00000000100144d4                lv_draw_mask_add
                0x00000000100145ac                lv_draw_mask_apply
                0x0000000010014614                lv_draw_mask_apply_ids
                0x0000000010014690                lv_draw_mask_remove_id
                0x00000000100146ac                lv_draw_mask_remove_custom
                0x00000000100147f4                lv_draw_mask_free_param
                0x0000000010014830                _lv_draw_mask_cleanup
                0x0000000010014858                lv_draw_mask_get_cnt
                0x00000000100148fc                lv_draw_mask_is_any
                0x000000001001495c                lv_draw_mask_line_points_init
                0x0000000010014e38                lv_draw_mask_line_angle_init
                0x0000000010014ff4                lv_draw_mask_angle_init
                0x000000001001514c                lv_draw_mask_radius_init
                0x000000001001572c                lv_draw_mask_fade_init
                0x0000000010015768                lv_draw_mask_map_init
                0x0000000010015794                lv_draw_mask_polygon_init
 .text          0x0000000010015854       0x70 lib/liblvgl.a(lv_draw_rect.c.obj)
                0x0000000010015854                lv_draw_rect_dsc_init
                0x00000000100158a0                lv_draw_rect
 .text          0x00000000100158c4      0x7a0 lib/liblvgl.a(lv_img_buf.c.obj)
                0x00000000100158c4                lv_img_buf_get_px_color
                0x00000000100159bc                lv_img_buf_get_px_alpha
                0x0000000010015aa8                lv_img_buf_set_px_alpha
                0x0000000010015b9c                lv_img_buf_set_px_color
                0x0000000010015cc8                lv_img_buf_set_palette
                0x0000000010015d4c                lv_img_buf_alloc
                0x0000000010015e40                lv_img_buf_free
                0x0000000010015e58                lv_img_buf_get_img_size
                0x0000000010015ef4                _lv_img_buf_get_transformed_area
 .text          0x0000000010016064       0x68 lib/liblvgl.a(lv_img_cache.c.obj)
                0x0000000010016064                _lv_img_cache_open
                0x00000000100160c4                lv_img_cache_set_size
                0x00000000100160c8                lv_img_cache_invalidate_src
 .text          0x00000000100160cc      0x974 lib/liblvgl.a(lv_img_decoder.c.obj)
                0x00000000100160cc                lv_img_decoder_built_in_close
                0x0000000010016104                lv_img_decoder_built_in_info
                0x00000000100161d0                lv_img_decoder_built_in_read_line
                0x0000000010016584                lv_img_decoder_built_in_open
                0x0000000010016824                _lv_img_decoder_init
                0x0000000010016868                lv_img_decoder_get_info
                0x00000000100168d0                lv_img_decoder_open
                0x00000000100169b0                lv_img_decoder_read_line
                0x00000000100169d4                lv_img_decoder_close
                0x00000000100169fc                lv_img_decoder_create
                0x0000000010016a18                lv_img_decoder_delete
                0x0000000010016a30                lv_img_decoder_set_info_cb
                0x0000000010016a34                lv_img_decoder_set_open_cb
                0x0000000010016a38                lv_img_decoder_set_read_line_cb
                0x0000000010016a3c                lv_img_decoder_set_close_cb
 .text          0x0000000010016a40        0xc lib/liblvgl.a(lv_extra.c.obj)
                0x0000000010016a40                lv_extra_init
 .text          0x0000000010016a4c      0x110 lib/liblvgl.a(lv_font.c.obj)
                0x0000000010016b1c                lv_font_get_glyph_bitmap
                0x0000000010016b2c                lv_font_get_glyph_dsc
                0x0000000010016b40                lv_font_get_glyph_width
 .text          0x0000000010016b5c      0x4dc lib/liblvgl.a(lv_font_fmt_txt.c.obj)
                0x0000000010016b8c                lv_font_get_bitmap_fmt_txt
                0x0000000010016cac                lv_font_get_glyph_dsc_fmt_txt
                0x0000000010017034                _lv_font_clean_up_fmt_txt
 .text          0x0000000010017038      0x9fc lib/liblvgl.a(lv_hal_disp.c.obj)
                0x000000001001746c                lv_disp_drv_init
                0x00000000100174b4                lv_disp_draw_buf_init
                0x00000000100174d0                lv_disp_drv_register
                0x0000000010017618                lv_disp_drv_update
                0x00000000100176e4                lv_disp_remove
                0x000000001001777c                lv_disp_set_default
                0x0000000010017788                lv_disp_get_default
                0x0000000010017794                lv_disp_get_hor_res
                0x00000000100177bc                lv_disp_get_ver_res
                0x00000000100177e4                lv_disp_get_physical_hor_res
                0x0000000010017820                lv_disp_get_physical_ver_res
                0x000000001001785c                lv_disp_get_offset_x
                0x00000000100178bc                lv_disp_get_offset_y
                0x000000001001791c                lv_disp_get_antialiasing
                0x000000001001793c                lv_disp_get_dpi
                0x000000001001795c                lv_disp_flush_ready
                0x0000000010017968                lv_disp_flush_is_last
                0x0000000010017974                lv_disp_get_next
                0x0000000010017990                lv_disp_get_draw_buf
                0x0000000010017998                lv_disp_set_rotation
                0x00000000100179c8                lv_disp_get_rotation
                0x00000000100179e8                lv_disp_drv_use_generic_set_px_cb
 .text          0x0000000010017a34      0x150 lib/liblvgl.a(lv_hal_indev.c.obj)
                0x0000000010017a34                lv_indev_drv_init
                0x0000000010017a54                lv_indev_drv_register
                0x0000000010017aa0                lv_indev_drv_update
                0x0000000010017afc                lv_indev_delete
                0x0000000010017b2c                lv_indev_get_next
                0x0000000010017b48                _lv_indev_read
 .text          0x0000000010017b84       0x40 lib/liblvgl.a(lv_hal_tick.c.obj)
                0x0000000010017b84                lv_tick_inc
                0x0000000010017b98                lv_tick_get
                0x0000000010017bac                lv_tick_elaps
 .text          0x0000000010017bc4      0x7f8 lib/liblvgl.a(lv_anim.c.obj)
                0x0000000010017bc4                lv_anim_path_linear
                0x0000000010017dc8                _lv_anim_core_init
                0x0000000010017e10                lv_anim_init
                0x0000000010017e44                lv_anim_get_playtime
                0x0000000010017e90                lv_anim_del
                0x0000000010018058                lv_anim_start
                0x0000000010018108                lv_anim_del_all
                0x000000001001813c                lv_anim_get
                0x0000000010018188                lv_anim_get_timer
                0x0000000010018194                lv_anim_count_running
                0x00000000100181bc                lv_anim_speed_to_time
                0x00000000100181e4                lv_anim_refr_now
                0x00000000100181f0                lv_anim_path_ease_in
                0x0000000010018224                lv_anim_path_ease_out
                0x0000000010018260                lv_anim_path_ease_in_out
                0x0000000010018298                lv_anim_path_overshoot
                0x00000000100182d4                lv_anim_path_bounce
                0x00000000100183ac                lv_anim_path_step
 .text          0x00000000100183bc      0xc88 lib/liblvgl.a(lv_area.c.obj)
                0x00000000100183bc                lv_area_set
                0x00000000100183d0                lv_area_set_width
                0x00000000100183dc                lv_area_set_height
                0x00000000100183e8                _lv_area_set_pos
                0x0000000010018408                lv_area_get_size
                0x0000000010018428                lv_area_increase
                0x0000000010018448                lv_area_move
                0x0000000010018468                _lv_area_intersect
                0x00000000100184e0                _lv_area_diff
                0x00000000100186a0                _lv_area_join
                0x00000000100186f4                _lv_area_is_point_on
                0x00000000100188f0                _lv_area_is_on
                0x0000000010018930                _lv_area_is_in
                0x00000000100189d0                _lv_area_is_out
                0x0000000010018a74                _lv_area_is_equal
                0x0000000010018ab4                lv_area_align
                0x0000000010018eac                lv_point_transform
 .text          0x0000000010019044       0xbc lib/liblvgl.a(lv_async.c.obj)
                0x0000000010019058                lv_async_call
                0x0000000010019098                lv_async_call_cancel
 .text          0x0000000010019100      0x540 lib/liblvgl.a(lv_color.c.obj)
                0x0000000010019100                lv_color_fill
                0x00000000100191d8                lv_color_lighten
                0x00000000100191fc                lv_color_darken
                0x0000000010019220                lv_color_change_lightness
                0x0000000010019278                lv_color_hsv_to_rgb
                0x0000000010019354                lv_color_rgb_to_hsv
                0x0000000010019480                lv_color_to_hsv
                0x00000000100195e8                lv_palette_main
                0x00000000100195fc                lv_palette_lighten
                0x0000000010019620                lv_palette_darken
 .text          0x0000000010019640      0x628 lib/liblvgl.a(lv_fs.c.obj)
                0x0000000010019640                _lv_fs_init
                0x0000000010019650                lv_fs_is_ready
                0x000000001001968c                lv_fs_open
                0x0000000010019740                lv_fs_close
                0x000000001001978c                lv_fs_read
                0x0000000010019930                lv_fs_write
                0x0000000010019974                lv_fs_seek
                0x0000000010019a18                lv_fs_tell
                0x0000000010019a4c                lv_fs_dir_open
                0x0000000010019acc                lv_fs_dir_read
                0x0000000010019af8                lv_fs_dir_close
                0x0000000010019b20                lv_fs_drv_init
                0x0000000010019b2c                lv_fs_drv_register
                0x0000000010019b44                lv_fs_get_drv
                0x0000000010019b74                lv_fs_get_letters
                0x0000000010019bb0                lv_fs_get_ext
                0x0000000010019be0                lv_fs_up
                0x0000000010019c2c                lv_fs_get_last
 .text          0x0000000010019c68       0xcc lib/liblvgl.a(lv_gc.c.obj)
                0x0000000010019c68                _lv_gc_clear_roots
 .text          0x0000000010019d34      0x350 lib/liblvgl.a(lv_ll.c.obj)
                0x0000000010019d34                _lv_ll_init
                0x0000000010019d44                _lv_ll_ins_head
                0x0000000010019d74                _lv_ll_ins_prev
                0x0000000010019dd4                _lv_ll_ins_tail
                0x0000000010019e04                _lv_ll_remove
                0x0000000010019e58                _lv_ll_clear
                0x0000000010019ebc                _lv_ll_chg_list
                0x0000000010019f64                _lv_ll_get_head
                0x0000000010019f70                _lv_ll_get_tail
                0x0000000010019f7c                _lv_ll_get_next
                0x0000000010019f84                _lv_ll_get_prev
                0x0000000010019f8c                _lv_ll_get_len
                0x0000000010019fac                _lv_ll_move_before
                0x000000001001a068                _lv_ll_is_empty
 .text          0x000000001001a084      0x244 lib/liblvgl.a(lv_math.c.obj)
                0x000000001001a084                lv_trigo_sin
                0x000000001001a0e4                lv_bezier3
                0x000000001001a128                lv_sqrt
                0x000000001001a14c                lv_atan2
                0x000000001001a210                lv_pow
                0x000000001001a264                lv_map
                0x000000001001a2a0                lv_rand
 .text          0x000000001001a2c8      0xa70 lib/liblvgl.a(lv_mem.c.obj)
                0x000000001001a2ec                lv_mem_init
                0x000000001001a308                lv_mem_deinit
                0x000000001001a328                lv_mem_alloc
                0x000000001001a360                lv_mem_free
                0x000000001001a390                lv_mem_realloc
                0x000000001001a404                lv_mem_test
                0x000000001001a440                lv_mem_monitor
                0x000000001001a4cc                lv_mem_buf_get
                0x000000001001a614                lv_mem_buf_release
                0x000000001001a6c8                lv_mem_buf_free_all
                0x000000001001a72c                lv_memcpy
                0x000000001001aac8                lv_memset
                0x000000001001ab90                lv_memset_00
                0x000000001001ac68                lv_memset_ff
 .text          0x000000001001ad38      0x54c lib/liblvgl.a(lv_style.c.obj)
                0x000000001001ad38                lv_style_init
                0x000000001001ad44                lv_style_reset
                0x000000001001ad6c                lv_style_register_prop
                0x000000001001ade8                lv_style_get_num_custom_props
                0x000000001001adf8                lv_style_remove_prop
                0x000000001001aec4                lv_style_set_prop
                0x000000001001aff0                lv_style_set_prop_meta
                0x000000001001b108                lv_style_transition_dsc_init
                0x000000001001b134                lv_style_prop_get_default
                0x000000001001b174                lv_style_get_prop
                0x000000001001b220                lv_style_is_empty
                0x000000001001b22c                _lv_style_get_prop_group
                0x000000001001b23c                _lv_style_prop_lookup_flags
 .text          0x000000001001b284      0x300 lib/liblvgl.a(lv_timer.c.obj)
                0x000000001001b284                _lv_timer_core_init
                0x000000001001b2a0                lv_timer_handler
                0x000000001001b468                lv_timer_create_basic
                0x000000001001b4a8                lv_timer_create
                0x000000001001b4e8                lv_timer_set_cb
                0x000000001001b4ec                lv_timer_del
                0x000000001001b510                lv_timer_pause
                0x000000001001b51c                lv_timer_resume
                0x000000001001b528                lv_timer_set_period
                0x000000001001b52c                lv_timer_ready
                0x000000001001b540                lv_timer_set_repeat_count
                0x000000001001b544                lv_timer_reset
                0x000000001001b550                lv_timer_enable
                0x000000001001b55c                lv_timer_get_idle
                0x000000001001b568                lv_timer_get_next
 .text          0x000000001001b584      0xca0 lib/liblvgl.a(lv_tlsf.c.obj)
                0x000000001001b7c0                lv_tlsf_check
                0x000000001001b8c8                lv_tlsf_walk_pool
                0x000000001001b920                lv_tlsf_block_size
                0x000000001001b934                lv_tlsf_check_pool
                0x000000001001b978                lv_tlsf_size
                0x000000001001b980                lv_tlsf_align_size
                0x000000001001b984                lv_tlsf_block_size_min
                0x000000001001b988                lv_tlsf_block_size_max
                0x000000001001b990                lv_tlsf_pool_overhead
                0x000000001001b994                lv_tlsf_alloc_overhead
                0x000000001001b998                lv_tlsf_add_pool
                0x000000001001ba5c                lv_tlsf_remove_pool
                0x000000001001baec                lv_tlsf_create
                0x000000001001bbb4                lv_tlsf_create_with_pool
                0x000000001001bcec                lv_tlsf_destroy
                0x000000001001bcf0                lv_tlsf_get_pool
                0x000000001001bcfc                lv_tlsf_malloc
                0x000000001001be08                lv_tlsf_memalign
                0x000000001001bff4                lv_tlsf_free
                0x000000001001c104                lv_tlsf_realloc