Archive member included to satisfy reference by file (symbol)

examples/libexamples.a(LCD_1in69_test.c.obj)
                              CMakeFiles/main.dir/main.c.obj (LCD_1in69_test)
examples/libexamples.a(ImageData.c.obj)
                              examples/libexamples.a(LCD_1in69_test.c.obj) (gImage_double_click)
lib/LCD/libLCD.a(LCD_1in69.c.obj)
                              examples/libexamples.a(LCD_1in69_test.c.obj) (LCD_1IN69_Init)
lib/LCD/libLCD.a(Touch_1in69.c.obj)
                              examples/libexamples.a(LCD_1in69_test.c.obj) (Touch_1IN69_init)
lib/GUI/libGUI.a(GUI_Paint.c.obj)
                              examples/libexamples.a(LCD_1in69_test.c.obj) (Paint_Clear)
lib/Fonts/libFonts.a(font16.c.obj)
                              examples/libexamples.a(LCD_1in69_test.c.obj) (Font16)
lib/Fonts/libFonts.a(font20.c.obj)
                              examples/libexamples.a(LCD_1in69_test.c.obj) (Font20)
lib/Fonts/libFonts.a(font24.c.obj)
                              examples/libexamples.a(LCD_1in69_test.c.obj) (Font24)
lib/Config/libConfig.a(DEV_Config.c.obj)
                              lib/LCD/libLCD.a(LCD_1in69.c.obj) (DEV_Digital_Write)
lib/liblvgl.a(lv_disp.c.obj)  examples/libexamples.a(LCD_1in69_test.c.obj) (lv_disp_get_scr_act)
lib/liblvgl.a(lv_event.c.obj)
                              lib/liblvgl.a(lv_disp.c.obj) (lv_event_send)
lib/liblvgl.a(lv_indev.c.obj)
                              lib/liblvgl.a(lv_event.c.obj) (lv_indev_get_act)
lib/liblvgl.a(lv_indev_scroll.c.obj)
                              lib/liblvgl.a(lv_indev.c.obj) (_lv_indev_scroll_handler)
lib/liblvgl.a(lv_obj.c.obj)   examples/libexamples.a(LCD_1in69_test.c.obj) (lv_init)
lib/liblvgl.a(lv_obj_class.c.obj)
                              lib/liblvgl.a(lv_obj.c.obj) (lv_obj_class_create_obj)
lib/liblvgl.a(lv_obj_draw.c.obj)
                              lib/liblvgl.a(lv_obj.c.obj) (lv_obj_init_draw_rect_dsc)
lib/liblvgl.a(lv_obj_pos.c.obj)
                              examples/libexamples.a(LCD_1in69_test.c.obj) (lv_obj_set_pos)
lib/liblvgl.a(lv_obj_scroll.c.obj)
                              lib/liblvgl.a(lv_obj.c.obj) (lv_obj_get_scrollbar_mode)
lib/liblvgl.a(lv_obj_style.c.obj)
                              lib/liblvgl.a(lv_obj.c.obj) (_lv_obj_style_init)
lib/liblvgl.a(lv_obj_style_gen.c.obj)
                              lib/liblvgl.a(lv_obj_pos.c.obj) (lv_obj_set_style_width)
lib/liblvgl.a(lv_obj_tree.c.obj)
                              lib/liblvgl.a(lv_disp.c.obj) (lv_obj_del)
lib/liblvgl.a(lv_refr.c.obj)  lib/liblvgl.a(lv_obj.c.obj) (_lv_refr_init)
lib/liblvgl.a(lv_theme.c.obj)
                              lib/liblvgl.a(lv_disp.c.obj) (lv_theme_apply)
lib/liblvgl.a(lv_draw.c.obj)  lib/liblvgl.a(lv_obj.c.obj) (lv_draw_init)
lib/liblvgl.a(lv_draw_img.c.obj)
                              lib/liblvgl.a(lv_refr.c.obj) (lv_draw_img_dsc_init)
lib/liblvgl.a(lv_draw_label.c.obj)
                              lib/liblvgl.a(lv_draw_img.c.obj) (lv_draw_label_dsc_init)
lib/liblvgl.a(lv_draw_layer.c.obj)
                              lib/liblvgl.a(lv_refr.c.obj) (lv_draw_layer_create)
lib/liblvgl.a(lv_draw_line.c.obj)
                              lib/liblvgl.a(lv_draw_label.c.obj) (lv_draw_line_dsc_init)
lib/liblvgl.a(lv_draw_mask.c.obj)
                              lib/liblvgl.a(lv_obj.c.obj) (lv_draw_mask_add)
lib/liblvgl.a(lv_draw_rect.c.obj)
                              lib/liblvgl.a(lv_obj.c.obj) (lv_draw_rect_dsc_init)
lib/liblvgl.a(lv_img_buf.c.obj)
                              lib/liblvgl.a(lv_draw_img.c.obj) (_lv_img_buf_get_transformed_area)
lib/liblvgl.a(lv_img_cache.c.obj)
                              lib/liblvgl.a(lv_draw_img.c.obj) (_lv_img_cache_open)
lib/liblvgl.a(lv_img_decoder.c.obj)
                              lib/liblvgl.a(lv_obj.c.obj) (_lv_img_decoder_init)
lib/liblvgl.a(lv_extra.c.obj)
                              lib/liblvgl.a(lv_obj.c.obj) (lv_extra_init)
lib/liblvgl.a(lv_font.c.obj)  lib/liblvgl.a(lv_draw_label.c.obj) (lv_font_get_glyph_width)
lib/liblvgl.a(lv_font_fmt_txt.c.obj)
                              lib/liblvgl.a(lv_refr.c.obj) (_lv_font_clean_up_fmt_txt)
lib/liblvgl.a(lv_font_montserrat_14.c.obj)
                              lib/liblvgl.a(lv_theme.c.obj) (lv_font_montserrat_14)
lib/liblvgl.a(lv_hal_disp.c.obj)
                              lib/liblvgl.a(lv_obj.c.obj) (lv_disp_set_default)
lib/liblvgl.a(lv_hal_indev.c.obj)
                              lib/liblvgl.a(lv_indev.c.obj) (lv_indev_get_next)
lib/liblvgl.a(lv_hal_tick.c.obj)
                              examples/libexamples.a(LCD_1in69_test.c.obj) (lv_tick_inc)
lib/liblvgl.a(lv_anim.c.obj)  lib/liblvgl.a(lv_obj.c.obj) (_lv_anim_core_init)
lib/liblvgl.a(lv_area.c.obj)  lib/liblvgl.a(lv_disp.c.obj) (lv_area_set)
lib/liblvgl.a(lv_async.c.obj)
                              lib/liblvgl.a(lv_obj_tree.c.obj) (lv_async_call)
lib/liblvgl.a(lv_color.c.obj)
[...]
Memory Configuration

Name             Origin             Length             Attributes
FLASH            0x0000000010000000 0x0000000000200000 xr
RAM              0x0000000020000000 0x0000000000100000 xrw
SCRATCH_X        0x0000000020040000 0x0000000000001000 xrw
SCRATCH_Y        0x0000000020041000 0x0000000000001000 xrw
*default*        0x0000000000000000 0xffffffffffffffff

Linker script and memory map

LOAD /usr/lib/gcc/arm-none-eabi/10.3.1/thumb/v6-m/nofp/crti.o
LOAD /usr/lib/gcc/arm-none-eabi/10.3.1/thumb/v6-m/nofp/crtbegin.o
LOAD /usr/lib/gcc/arm-none-eabi/10.3.1/../../../arm-none-eabi/lib/thumb/v6-m/nofp/crt0.o

.flash_begin    0x0000000010000000        0x0
                0x0000000010000000                __flash_binary_start = .

.boot2          0x0000000010000000      0x100
                0x0000000010000000                __boot2_start__ = .
 *(.boot2)
 .boot2         0x0000000010000000      0x100 /tmp/ccJbr46X.o
                0x0000000010000100                __boot2_end__ = .
                0x0000000000000001                ASSERT (((__boot2_end__ - __boot2_start__) == 0x100), ERROR: Pico second stage bootloader must be 256 bytes in size)

.text           0x0000000010000100    0x421dc
                0x0000000010000100                __logical_binary_start = .
 *(.vectors)
 .vectors       0x0000000010000100       0xd4 CMakeFiles/main.dir/home/oscar/pico/pico-sdk/src/rp2_common/pico_crt0/crt0.S.obj
                0x0000000010000100                __vectors
                0x0000000010000100                __VECTOR_TABLE
                0x00000000100001c0                isr_invalid
                0x00000000100001c0                __default_isrs_start
                0x00000000100001c2                isr_nmi
                0x00000000100001c4                isr_hardfault
                0x00000000100001c6                isr_svcall
                0x00000000100001c8                isr_pendsv
                0x00000000100001ca                isr_systick
                0x00000000100001cc                isr_irq30
                0x00000000100001cc                __unhandled_user_irq
                0x00000000100001cc                isr_irq13
                0x00000000100001cc                isr_irq27
                0x00000000100001cc                isr_irq31
                0x00000000100001cc                isr_irq5
                0x00000000100001cc                isr_irq11
                0x00000000100001cc                isr_irq23
                0x00000000100001cc                isr_irq18
                0x00000000100001cc                isr_irq28
                0x00000000100001cc                isr_irq19
                0x00000000100001cc                isr_irq0
                0x00000000100001cc                isr_irq6
                0x00000000100001cc                isr_irq22
                0x00000000100001cc                isr_irq17
                0x00000000100001cc                isr_irq14
                0x00000000100001cc                isr_irq2
                0x00000000100001cc                isr_irq10
                0x00000000100001cc                isr_irq8
                0x00000000100001cc                isr_irq24
                0x00000000100001cc                isr_irq1
                0x00000000100001cc                isr_irq7
                0x00000000100001cc                isr_irq21
                0x00000000100001cc                isr_irq20
                0x00000000100001cc                isr_irq15
                0x00000000100001cc                isr_irq25
                0x00000000100001cc                isr_irq4
                0x00000000100001cc                isr_irq16
                0x00000000100001cc                isr_irq29
                0x00000000100001cc                isr_irq26
                0x00000000100001cc                __default_isrs_end
                0x00000000100001cc                isr_irq3
                0x00000000100001cc                isr_irq12
                0x00000000100001cc                isr_irq9
                0x00000000100001d2                unhandled_user_irq_num_in_r0
 *(.binary_info_header)
 .binary_info_header
                0x00000000100001d4       0x14 CMakeFiles/main.dir/home/oscar/pico/pico-sdk/src/rp2_common/pico_crt0/crt0.S.obj
                0x00000000100001e8                __binary_info_header_end = .
 *(.embedded_block)
                0x00000000100001e8                __embedded_block_end = .
 *(.reset)
 .reset         0x00000000100001e8       0x9c CMakeFiles/main.dir/home/oscar/pico/pico-sdk/src/rp2_common/pico_crt0/crt0.S.obj
                0x00000000100001e8                _entry_point
 *(.init)
 .init          0x0000000010000284        0x4 /usr/lib/gcc/arm-none-eabi/10.3.1/thumb/v6-m/nofp/crti.o
                0x0000000010000284                _init
 *(EXCLUDE_FILE(*libm.a: *libc.a:*lib_a-mem*.o *libgcc.a:) .text*)
 .text          0x0000000010000288       0x98 /usr/lib/gcc/arm-none-eabi/10.3.1/thumb/v6-m/nofp/crtbegin.o
 .text.startup.main
                0x0000000010000320        0xc CMakeFiles/main.dir/main.c.obj
                0x0000000010000320                main
 .text.gpio_default_irq_handler
                0x000000001000032c      0x270 CMakeFiles/main.dir/home/oscar/pico/pico-sdk/src/rp2_common/hardware_gpio/gpio.c.obj
 .text.gpio_set_function
                0x000000001000059c       0x34 CMakeFiles/main.dir/home/oscar/pico/pico-sdk/src/rp2_common/hardware_gpio/gpio.c.obj
                0x000000001000059c                gpio_set_function
 .text.gpio_set_pulls
                0x00000000100005d0       0x34 CMakeFiles/main.dir/home/oscar/pico/pico-sdk/src/rp2_common/hardware_gpio/gpio.c.obj
                0x00000000100005d0                gpio_set_pulls
 .text.gpio_set_irq_enabled_with_callback
                0x0000000010000604       0xd0 CMakeFiles/main.dir/home/oscar/pico/pico-sdk/src/rp2_common/hardware_gpio/gpio.c.obj
                0x0000000010000604                gpio_set_irq_enabled_with_callback
 .text.gpio_init
                0x00000000100006d4       0x40 CMakeFiles/main.dir/home/oscar/pico/pico-sdk/src/rp2_common/hardware_gpio/gpio.c.obj
                0x00000000100006d4                gpio_init
 .text.rp2040_chip_version
                0x0000000010000714        0xc CMakeFiles/main.dir/home/oscar/pico/pico-sdk/src/rp2040/pico_platform/platform.c.obj
                0x0000000010000714                rp2040_chip_version
 .text.panic    0x0000000010000720       0x30 CMakeFiles/main.dir/home/oscar/pico/pico-sdk/src/rp2_common/pico_platform_panic/panic.c.obj
                0x0000000010000720                panic
 .text.hw_claim_or_assert
                0x0000000010000750       0x44 CMakeFiles/main.dir/home/oscar/pico/pico-sdk/src/common/hardware_claim/claim.c.obj
                0x0000000010000750                hw_claim_or_assert
 .text.hw_claim_unused_from_range
                0x0000000010000794       0x9c CMakeFiles/main.dir/home/oscar/pico/pico-sdk/src/common/hardware_claim/claim.c.obj
                0x0000000010000794                hw_claim_unused_from_range
 .text.next_striped_spin_lock_num
                0x0000000010000830       0x18 CMakeFiles/main.dir/home/oscar/pico/pico-sdk/src/rp2_common/hardware_sync/sync.c.obj
                0x0000000010000830                next_striped_spin_lock_num
 .text.spin_lock_claim_unused
                0x0000000010000848       0x20 CMakeFiles/main.dir/home/oscar/pico/pico-sdk/src/rp2_common/hardware_sync/sync.c.obj
                0x0000000010000848                spin_lock_claim_unused
 .text.spin_locks_reset
                0x0000000010000868       0x1c CMakeFiles/main.dir/home/oscar/pico/pico-sdk/src/rp2_common/hardware_sync_spin_lock/sync_spin_lock.c.obj
                0x0000000010000868                spin_locks_reset
 .text.runtime_init_per_core_irq_priorities
                0x0000000010000884       0x24 CMakeFiles/main.dir/home/oscar/pico/pico-sdk/src/rp2_common/hardware_irq/irq.c.obj
                0x0000000010000884                runtime_init_per_core_irq_priorities
 .text.irq_set_enabled
                0x00000000100008a8       0x24 CMakeFiles/main.dir/home/oscar/pico/pico-sdk/src/rp2_common/hardware_irq/irq.c.obj
                0x00000000100008a8                irq_set_enabled
 .text.irq_is_enabled
                0x00000000100008cc       0x18 CMakeFiles/main.dir/home/oscar/pico/pico-sdk/src/rp2_common/hardware_irq/irq.c.obj
                0x00000000100008cc                irq_is_enabled
 .text.irq_set_pending
                0x00000000100008e4       0x10 CMakeFiles/main.dir/home/oscar/pico/pico-sdk/src/rp2_common/hardware_irq/irq.c.obj
                0x00000000100008e4                irq_set_pending
 .text.irq_has_shared_handler
                0x00000000100008f4       0x2c CMakeFiles/main.dir/home/oscar/pico/pico-sdk/src/rp2_common/hardware_irq/irq.c.obj
                0x00000000100008f4                irq_has_shared_handler
 .text.irq_set_exclusive_handler
                0x0000000010000920       0x54 CMakeFiles/main.dir/home/oscar/pico/pico-sdk/src/rp2_common/hardware_irq/irq.c.obj
                0x0000000010000920                irq_set_exclusive_handler
 .text.irq_add_shared_handler
                0x0000000010000974      0x1e8 CMakeFiles/main.dir/home/oscar/pico/pico-sdk/src/rp2_common/hardware_irq/irq.c.obj
                0x0000000010000974                irq_add_shared_handler
 .text.irq_remove_handler
                0x0000000010000b5c      0x1c4 CMakeFiles/main.dir/home/oscar/pico/pico-sdk/src/rp2_common/hardware_irq/irq.c.obj
                0x0000000010000b5c                irq_remove_handler
 .text.irq_add_tail_to_free_list
                0x0000000010000d20       0xb4 CMakeFiles/main.dir/home/oscar/pico/pico-sdk/src/rp2_common/hardware_irq/irq.c.obj
                0x0000000010000d20                irq_add_tail_to_free_list
 .text.user_irq_claim_unused
                0x0000000010000dd4       0x28 CMakeFiles/main.dir/home/oscar/pico/pico-sdk/src/rp2_common/hardware_irq/irq.c.obj
                0x0000000010000dd4                user_irq_claim_unused
 .text.lock_init
                0x0000000010000dfc       0x10 CMakeFiles/main.dir/home/oscar/pico/pico-sdk/src/common/pico_sync/lock_core.c.obj
                0x0000000010000dfc                lock_init
 .text.runtime_init_mutex
                0x0000000010000e0c       0x58 CMakeFiles/main.dir/home/oscar/pico/pico-sdk/src/common/pico_sync/mutex.c.obj
                0x0000000010000e0c                runtime_init_mutex
 .text.mutex_init
                0x0000000010000e64       0x1c CMakeFiles/main.dir/home/oscar/pico/pico-sdk/src/common/pico_sync/mutex.c.obj
                0x0000000010000e64                mutex_init
 .text.critical_section_init
                0x0000000010000e80       0x20 CMakeFiles/main.dir/home/oscar/pico/pico-sdk/src/common/pico_sync/critical_section.c.obj
                0x0000000010000e80                critical_section_init
 .text.critical_section_init_with_lock_num
                0x0000000010000ea0       0x14 CMakeFiles/main.dir/home/oscar/pico/pico-sdk/src/common/pico_sync/critical_section.c.obj
                0x0000000010000ea0                critical_section_init_with_lock_num
 .text.sleep_until_callback
                0x0000000010000eb4       0x30 CMakeFiles/main.dir/home/oscar/pico/pico-sdk/src/common/pico_time/time.c.obj
 .text.alarm_pool_irq_handler
                0x0000000010000ee4      0x2e4 CMakeFiles/main.dir/home/oscar/pico/pico-sdk/src/common/pico_time/time.c.obj
 .text.runtime_init_default_alarm_pool
                0x00000000100011c8       0xdc CMakeFiles/main.dir/home/oscar/pico/pico-sdk/src/common/pico_time/time.c.obj
                0x00000000100011c8                runtime_init_default_alarm_pool
 .text.alarm_pool_get_default
                0x00000000100012a4        0x8 CMakeFiles/main.dir/home/oscar/pico/pico-sdk/src/common/pico_time/time.c.obj
                0x00000000100012a4                alarm_pool_get_default
 .text.alarm_pool_add_alarm_at
                0x00000000100012ac       0xc8 CMakeFiles/main.dir/home/oscar/pico/pico-sdk/src/common/pico_time/time.c.obj
                0x00000000100012ac                alarm_pool_add_alarm_at
 .text.alarm_pool_add_alarm_at_force_in_context
                0x0000000010001374       0xb0 CMakeFiles/main.dir/home/oscar/pico/pico-sdk/src/common/pico_time/time.c.obj
                0x0000000010001374                alarm_pool_add_alarm_at_force_in_context
 .text.alarm_pool_cancel_alarm
                0x0000000010001424       0x7c CMakeFiles/main.dir/home/oscar/pico/pico-sdk/src/common/pico_time/time.c.obj
                0x0000000010001424                alarm_pool_cancel_alarm
 .text.alarm_pool_core_num
                0x00000000100014a0        0x4 CMakeFiles/main.dir/home/oscar/pico/pico-sdk/src/common/pico_time/time.c.obj
                0x00000000100014a0                alarm_pool_core_num
 .text.sleep_until
                0x00000000100014a4       0xd0 CMakeFiles/main.dir/home/oscar/pico/pico-sdk/src/common/pico_time/time.c.obj
                0x00000000100014a4                sleep_until
 .text.sleep_ms
                0x0000000010001574       0x34 CMakeFiles/main.dir/home/oscar/pico/pico-sdk/src/common/pico_time/time.c.obj
                0x0000000010001574                sleep_ms
 .text.best_effort_wfe_or_timeout
                0x00000000100015a8      0x11c CMakeFiles/main.dir/home/oscar/pico/pico-sdk/src/common/pico_time/time.c.obj
                0x00000000100015a8                best_effort_wfe_or_timeout
 .text.timer_hardware_alarm_claim
                0x00000000100016c4       0x14 CMakeFiles/main.dir/home/oscar/pico/pico-sdk/src/rp2_common/hardware_timer/timer.c.obj
                0x00000000100016c4                timer_hardware_alarm_claim
 .text.timer_time_us_64
                0x00000000100016d8       0x10 CMakeFiles/main.dir/home/oscar/pico/pico-sdk/src/rp2_common/hardware_timer/timer.c.obj
                0x00000000100016d8                timer_time_us_64
 .text.time_us_64
                0x00000000100016e8       0x14 CMakeFiles/main.dir/home/oscar/pico/pico-sdk/src/rp2_common/hardware_timer/timer.c.obj
                0x00000000100016e8                time_us_64
 .text.busy_wait_until
                0x00000000100016fc       0x20 CMakeFiles/main.dir/home/oscar/pico/pico-sdk/src/rp2_common/hardware_timer/timer.c.obj
                0x00000000100016fc                busy_wait_until
 .text.clock_configure_int_divider
                0x000000001000171c       0xf4 CMakeFiles/main.dir/home/oscar/pico/pico-sdk/src/rp2_common/hardware_clocks/clocks.c.obj
                0x000000001000171c                clock_configure_int_divider
 .text.clock_configure_undivided
                0x0000000010001810       0xe8 CMakeFiles/main.dir/home/oscar/pico/pico-sdk/src/rp2_common/hardware_clocks/clocks.c.obj
                0x0000000010001810                clock_configure_undivided
 .text.clock_get_hz
                0x00000000100018f8        0xc CMakeFiles/main.dir/home/oscar/pico/pico-sdk/src/rp2_common/hardware_clocks/clocks.c.obj
                0x00000000100018f8                clock_get_hz
 .text.pll_init
                0x0000000010001904       0xa0 CMakeFiles/main.dir/home/oscar/pico/pico-sdk/src/rp2_common/hardware_pll/pll.c.obj
                0x0000000010001904                pll_init
 .text.watchdog_reboot
                0x00000000100019a4       0x98 CMakeFiles/main.dir/home/oscar/pico/pico-sdk/src/rp2_common/hardware_watchdog/watchdog.c.obj
                0x00000000100019a4                watchdog_reboot
 .text.tick_start
                0x0000000010001a3c       0x10 CMakeFiles/main.dir/home/oscar/pico/pico-sdk/src/rp2_common/hardware_ticks/ticks.c.obj
                0x0000000010001a3c                tick_start
 .text.xosc_init
                0x0000000010001a4c       0x28 CMakeFiles/main.dir/home/oscar/pico/pico-sdk/src/rp2_common/hardware_xosc/xosc.c.obj
                0x0000000010001a4c                xosc_init
 .text.first_per_core_initializer
                0x0000000010001a74        0x4 CMakeFiles/main.dir/home/oscar/pico/pico-sdk/src/rp2_common/pico_runtime/runtime.c.obj
 .text.hard_assertion_failure
                0x0000000010001a78        0xc CMakeFiles/main.dir/home/oscar/pico/pico-sdk/src/rp2_common/pico_runtime/runtime.c.obj
                0x0000000010001a78                hard_assertion_failure
 .text.runtime_run_initializers
                0x0000000010001a84       0x28 CMakeFiles/main.dir/home/oscar/pico/pico-sdk/src/rp2_common/pico_runtime/runtime.c.obj
                0x0000000010001a84                runtime_run_initializers
 .text.runtime_init_early_resets
                0x0000000010001aac       0x2c CMakeFiles/main.dir/home/oscar/pico/pico-sdk/src/rp2_common/pico_runtime_init/runtime_init.c.obj
                0x0000000010001aac                runtime_init_early_resets
 .text.runtime_init_usb_power_down
                0x0000000010001ad8       0x1c CMakeFiles/main.dir/home/oscar/pico/pico-sdk/src/rp2_common/pico_runtime_init/runtime_init.c.obj
                0x0000000010001ad8                runtime_init_usb_power_down
 .text.runtime_init_post_clock_resets
                0x0000000010001af4       0x20 CMakeFiles/main.dir/home/oscar/pico/pico-sdk/src/rp2_common/pico_runtime_init/runtime_init.c.obj
                0x0000000010001af4                runtime_init_post_clock_resets
 .text.runtime_init_rp2040_gpio_ie_disable
                0x0000000010001b14       0x14 CMakeFiles/main.dir/home/oscar/pico/pico-sdk/src/rp2_common/pico_runtime_init/runtime_init.c.obj
                0x0000000010001b14                runtime_init_rp2040_gpio_ie_disable
 .text.runtime_init_spin_locks_reset
                0x0000000010001b28        0x8 CMakeFiles/main.dir/home/oscar/pico/pico-sdk/src/rp2_common/pico_runtime_init/runtime_init.c.obj
                0x0000000010001b28                runtime_init_spin_locks_reset
 .text.runtime_init_install_ram_vector_table
                0x0000000010001b30       0x1c CMakeFiles/main.dir/home/oscar/pico/pico-sdk/src/rp2_common/pico_runtime_init/runtime_init.c.obj
                0x0000000010001b30                runtime_init_install_ram_vector_table
 .text.runtime_init_clocks
                0x0000000010001b4c       0xd8 CMakeFiles/main.dir/home/oscar/pico/pico-sdk/src/rp2_common/pico_runtime_init/runtime_init_clocks.c.obj
                0x0000000010001b4c                runtime_init_clocks
 .text          0x0000000010001c24       0x10 CMakeFiles/main.dir/home/oscar/pico/pico-sdk/src/rp2_common/pico_bit_ops/bit_ops_aeabi.S.obj
 .text.clzsi    0x0000000010001c34        0xc CMakeFiles/main.dir/home/oscar/pico/pico-sdk/src/rp2_common/pico_bit_ops/bit_ops_aeabi.S.obj
                0x0000000010001c34                __wrap___clz
                0x0000000010001c34                __wrap___clzsi2
                0x0000000010001c34                __wrap___clzl
 .text.ctzsi    0x0000000010001c40        0xc CMakeFiles/main.dir/home/oscar/pico/pico-sdk/src/rp2_common/pico_bit_ops/bit_ops_aeabi.S.obj
                0x0000000010001c40                __wrap___ctzsi2
 .text.rom_func_lookup
                0x0000000010001c4c       0x10 CMakeFiles/main.dir/home/oscar/pico/pico-sdk/src/rp2_common/pico_bootrom/bootrom.c.obj
                0x0000000010001c4c                rom_func_lookup
 .text.rom_data_lookup
                0x0000000010001c5c       0x10 CMakeFiles/main.dir/home/oscar/pico/pico-sdk/src/rp2_common/pico_bootrom/bootrom.c.obj
                0x0000000010001c5c                rom_data_lookup
 .text.rom_funcs_lookup
                0x0000000010001c6c       0x44 CMakeFiles/main.dir/home/oscar/pico/pico-sdk/src/rp2_common/pico_bootrom/bootrom.c.obj
                0x0000000010001c6c                rom_funcs_lookup
 .text.rom_reset_usb_boot
                0x0000000010001cb0       0x20 CMakeFiles/main.dir/home/oscar/pico/pico-sdk/src/rp2_common/pico_bootrom/bootrom.c.obj
                0x0000000010001cb0                rom_reset_usb_boot
 .text.__wrap___aeabi_idiv
                0x0000000010001cd0       0x50 CMakeFiles/main.dir/home/oscar/pico/pico-sdk/src/rp2_common/pico_divider/divider_hardware.S.obj
                0x0000000010001cd0                __wrap___aeabi_idivmod
                0x0000000010001cd0                divmod_s32s32
                0x0000000010001cd0                div_s32s32
                0x0000000010001cd0                __wrap___aeabi_idiv
                0x0000000010001cd8                divmod_s32s32_unsafe
                0x0000000010001d04                divmod_s32s32_savestate
 .text.__wrap___aeabi_uidiv
                0x0000000010001d20       0x4c CMakeFiles/main.dir/home/oscar/pico/pico-sdk/src/rp2_common/pico_divider/divider_hardware.S.obj
                0x0000000010001d20                __wrap___aeabi_uidiv
                0x0000000010001d20                __wrap___aeabi_uidivmod
                0x0000000010001d20                div_u32u32
                0x0000000010001d20                divmod_u32u32
                0x0000000010001d28                divmod_u32u32_unsafe
                0x0000000010001d50                divmod_u32u32_savestate
 .text.__wrap___aeabi_ldiv
                0x0000000010001d6c      0x424 CMakeFiles/main.dir/home/oscar/pico/pico-sdk/src/rp2_common/pico_divider/divider_hardware.S.obj
                0x0000000010001d6c                div_s64s64
                0x0000000010001d6c                divmod_s64s64
                0x0000000010001d6c                __wrap___aeabi_ldivmod
                0x0000000010001d9c                div_u64u64
                0x0000000010001d9c                divmod_u64u64
                0x0000000010001d9c                __wrap___aeabi_uldivmod
                0x0000000010001dac                divmod_u64u64_savestate
                0x0000000010001dcc                divmod_s64s64_unsafe
                0x0000000010001e54                divmod_u64u64_unsafe
 .text.__wrap___aeabi_darithmetic
                0x0000000010002190       0x80 CMakeFiles/main.dir/home/oscar/pico/pico-sdk/src/rp2_common/pico_double/double_aeabi_rp2040.S.obj
                0x0000000010002190                __wrap___aeabi_drsub
                0x0000000010002196                __wrap___aeabi_dsub
                0x00000000100021a8                __wrap___aeabi_dadd
                0x00000000100021ba                __wrap___aeabi_ddiv
                0x00000000100021f6                __wrap___aeabi_dmul
 .text.__wrap___aeabi_cdcmple
                0x0000000010002210       0x6c CMakeFiles/main.dir/home/oscar/pico/pico-sdk/src/rp2_common/pico_double/double_aeabi_rp2040.S.obj
                0x0000000010002210                __wrap___aeabi_cdrcmple
                0x0000000010002220                __wrap___aeabi_cdcmple
                0x0000000010002220                __wrap___aeabi_cdcmpeq
 .text.__wrap___aeabi_dcmplt
                0x000000001000227c        0xc CMakeFiles/main.dir/home/oscar/pico/pico-sdk/src/rp2_common/pico_double/double_aeabi_rp2040.S.obj
                0x000000001000227c                __wrap___aeabi_dcmplt
 .text.__wrap___aeabi_dcmple
                0x0000000010002288       0x10 CMakeFiles/main.dir/home/oscar/pico/pico-sdk/src/rp2_common/pico_double/double_aeabi_rp2040.S.obj
                0x0000000010002288                __wrap___aeabi_dcmple
 .text.__wrap___aeabi_dcmpge
                0x0000000010002298       0x10 CMakeFiles/main.dir/home/oscar/pico/pico-sdk/src/rp2_common/pico_double/double_aeabi_rp2040.S.obj
                0x0000000010002298                __wrap___aeabi_dcmpge
 .text.__wrap___aeabi_dcmpgt
                0x00000000100022a8        0xa CMakeFiles/main.dir/home/oscar/pico/pico-sdk/src/rp2_common/pico_double/double_aeabi_rp2040.S.obj
                0x00000000100022a8                __wrap___aeabi_dcmpgt
 .text.__wrap___aeabi_dcmpun
                0x00000000100022b2       0x18 CMakeFiles/main.dir/home/oscar/pico/pico-sdk/src/rp2_common/pico_double/double_aeabi_rp2040.S.obj
                0x00000000100022b2                __wrap___aeabi_dcmpun
 *fill*         0x00000000100022ca        0x2 
 .text.__wrap___aeabi_i2d
                0x00000000100022cc       0x38 CMakeFiles/main.dir/home/oscar/pico/pico-sdk/src/rp2_common/pico_double/double_aeabi_rp2040.S.obj
                0x00000000100022cc                __wrap___aeabi_ui2d
                0x00000000100022d4                __wrap___aeabi_i2d
 .text.__wrap___aeabi_d2iz
                0x0000000010002304       0x48 CMakeFiles/main.dir/home/oscar/pico/pico-sdk/src/rp2_common/pico_double/double_aeabi_rp2040.S.obj
                0x0000000010002304                __wrap___aeabi_d2iz
                0x0000000010002304                double2int_z
 .text.__wrap___aeabi_d2uiz
                0x000000001000234c       0x18 CMakeFiles/main.dir/home/oscar/pico/pico-sdk/src/rp2_common/pico_double/double_aeabi_rp2040.S.obj
                0x000000001000234c                double2uint
                0x000000001000234c                __wrap___aeabi_d2uiz
 .text.__aeabi_double_init
                0x0000000010002364       0xa0 CMakeFiles/main.dir/home/oscar/pico/pico-sdk/src/rp2_common/pico_double/double_init_rom_rp2040.c.obj
                0x0000000010002364                __aeabi_double_init
 .text.double_table_shim_on_use_helper
                0x0000000010002404       0x2c CMakeFiles/main.dir/home/oscar/pico/pico-sdk/src/rp2_common/pico_double/double_v1_rom_shim_rp2040.S.obj
                0x0000000010002404                double_table_shim_on_use_helper
 .text.__wrap___aeabi_dsub
                0x0000000010002430       0x10 CMakeFiles/main.dir/home/oscar/pico/pico-sdk/src/rp2_common/pico_double/double_v1_rom_shim_rp2040.S.obj
                0x0000000010002430                drsub_shim
                0x0000000010002436                dsub_shim
 .text.dadd_shim
                0x0000000010002440      0x15c CMakeFiles/main.dir/home/oscar/pico/pico-sdk/src/rp2_common/pico_double/double_v1_rom_shim_rp2040.S.obj
                0x0000000010002440                dadd_shim
 .text.dmul_shim
                0x000000001000259c      0x15c CMakeFiles/main.dir/home/oscar/pico/pico-sdk/src/rp2_common/pico_double/double_v1_rom_shim_rp2040.S.obj
                0x000000001000259c                dmul_shim
 .text.ddiv_shim
                0x00000000100026f8      0x1b0 CMakeFiles/main.dir/home/oscar/pico/pico-sdk/src/rp2_common/pico_double/double_v1_rom_shim_rp2040.S.obj
                0x00000000100026f8                ddiv_shim
 .text.double2uint_shim
                0x00000000100028a8        0xe CMakeFiles/main.dir/home/oscar/pico/pico-sdk/src/rp2_common/pico_double/double_v1_rom_shim_rp2040.S.obj
                0x00000000100028a8                double2uint_shim
                0x00000000100028aa                double2ufix_shim
 *fill*         0x00000000100028b6        0x2 
 .text.double2uint64_shim
                0x00000000100028b8       0x70 CMakeFiles/main.dir/home/oscar/pico/pico-sdk/src/rp2_common/pico_double/double_v1_rom_shim_rp2040.S.obj
                0x00000000100028b8                double2uint64_shim
                0x00000000100028ba                double2ufix64_shim
                0x00000000100028da                d2fix_a
 .text.dunpacks
                0x0000000010002928       0x3c CMakeFiles/main.dir/home/oscar/pico/pico-sdk/src/rp2_common/pico_double/double_v1_rom_shim_rp2040.S.obj
                0x0000000010002928                dunpacks
 .text.__aeabi_lmul
                0x0000000010002964       0x32 CMakeFiles/main.dir/home/oscar/pico/pico-sdk/src/rp2_common/pico_int64_ops/pico_int64_ops_aeabi.S.obj
                0x0000000010002964                __wrap___aeabi_lmul
 *fill*         0x0000000010002996        0x2 
 .text.__aeabi_float_init
                0x0000000010002998       0x64 CMakeFiles/main.dir/home/oscar/pico/pico-sdk/src/rp2_common/pico_float/float_init_rom_rp2040.c.obj
                0x0000000010002998                __aeabi_float_init
 .text.float_table_shim_on_use_helper
                0x00000000100029fc       0x2c CMakeFiles/main.dir/home/oscar/pico/pico-sdk/src/rp2_common/pico_float/float_v1_rom_shim_rp2040.S.obj
                0x00000000100029fc                float_table_shim_on_use_helper
 .text.__wrap_malloc
                0x0000000010002a28       0x24 CMakeFiles/main.dir/home/oscar/pico/pico-sdk/src/rp2_common/pico_malloc/malloc.c.obj
                0x0000000010002a28                __wrap_malloc
 .text          0x0000000010002a4c       0x10 CMakeFiles/main.dir/home/oscar/pico/pico-sdk/src/rp2_common/pico_mem_ops/mem_ops_aeabi.S.obj
                0x0000000010002a4c                __aeabi_mem_init
 .text.memset   0x0000000010002a5c        0xc CMakeFiles/main.dir/home/oscar/pico/pico-sdk/src/rp2_common/pico_mem_ops/mem_ops_aeabi.S.obj
                0x0000000010002a5c                __wrap_memset
 .text.memcpy   0x0000000010002a68        0xc CMakeFiles/main.dir/home/oscar/pico/pico-sdk/src/rp2_common/pico_mem_ops/mem_ops_aeabi.S.obj
                0x0000000010002a68                __wrap___aeabi_memcpy
                0x0000000010002a68                __wrap_memcpy
 .text._out_null
                0x0000000010002a74        0x4 CMakeFiles/main.dir/home/oscar/pico/pico-sdk/src/rp2_common/pico_printf/printf.c.obj
 .text._out_rev
                0x0000000010002a78       0x9c CMakeFiles/main.dir/home/oscar/pico/pico-sdk/src/rp2_common/pico_printf/printf.c.obj
 .text._ntoa_format
                0x0000000010002b14      0x1cc CMakeFiles/main.dir/home/oscar/pico/pico-sdk/src/rp2_common/pico_printf/printf.c.obj
 .text._out_char
                0x0000000010002ce0       0x10 CMakeFiles/main.dir/home/oscar/pico/pico-sdk/src/rp2_common/pico_printf/printf.c.obj
 .text._out_fct
                0x0000000010002cf0       0x10 CMakeFiles/main.dir/home/oscar/pico/pico-sdk/src/rp2_common/pico_printf/printf.c.obj
 .text._etoa    0x0000000010002d00      0x44c CMakeFiles/main.dir/home/oscar/pico/pico-sdk/src/rp2_common/pico_printf/printf.c.obj
 .text._ftoa    0x000000001000314c      0x398 CMakeFiles/main.dir/home/oscar/pico/pico-sdk/src/rp2_common/pico_printf/printf.c.obj
 .text._vsnprintf
                0x00000000100034e4      0xb04 CMakeFiles/main.dir/home/oscar/pico/pico-sdk/src/rp2_common/pico_printf/printf.c.obj
 .text.vfctprintf
                0x0000000010003fe8       0x20 CMakeFiles/main.dir/home/oscar/pico/pico-sdk/src/rp2_common/pico_printf/printf.c.obj
                0x0000000010003fe8                vfctprintf
 .text.weak_raw_vprintf
                0x0000000010004008       0x30 CMakeFiles/main.dir/home/oscar/pico/pico-sdk/src/rp2_common/pico_printf/printf.c.obj
                0x0000000010004008                weak_raw_vprintf
 .text._exit    0x0000000010004038        0x4 CMakeFiles/main.dir/home/oscar/pico/pico-sdk/src/rp2_common/pico_clib_interface/newlib_interface.c.obj
                0x0000000010004038                _exit
 .text._sbrk    0x000000001000403c       0x34 CMakeFiles/main.dir/home/oscar/pico/pico-sdk/src/rp2_common/pico_clib_interface/newlib_interface.c.obj
                0x000000001000403c                _sbrk
 .text.exit     0x0000000010004070        0x8 CMakeFiles/main.dir/home/oscar/pico/pico-sdk/src/rp2_common/pico_clib_interface/newlib_interface.c.obj
                0x0000000010004070                exit
 .text.runtime_init
                0x0000000010004078       0x2c CMakeFiles/main.dir/home/oscar/pico/pico-sdk/src/rp2_common/pico_clib_interface/newlib_interface.c.obj
                0x0000000010004078                runtime_init
 .text.stdio_out_chars_no_crlf
                0x00000000100040a4       0x10 CMakeFiles/main.dir/home/oscar/pico/pico-sdk/src/rp2_common/pico_stdio/stdio.c.obj
 .text.stdio_out_chars_crlf
                0x00000000100040b4       0xb4 CMakeFiles/main.dir/home/oscar/pico/pico-sdk/src/rp2_common/pico_stdio/stdio.c.obj
 .text.stdio_buffered_printer
                0x0000000010004168       0x64 CMakeFiles/main.dir/home/oscar/pico/pico-sdk/src/rp2_common/pico_stdio/stdio.c.obj
 .text.stdio_put_string
                0x00000000100041cc      0x100 CMakeFiles/main.dir/home/oscar/pico/pico-sdk/src/rp2_common/pico_stdio/stdio.c.obj
                0x00000000100041cc                stdio_put_string
 .text.stdio_set_driver_enabled
                0x00000000100042cc       0x30 CMakeFiles/main.dir/home/oscar/pico/pico-sdk/src/rp2_common/pico_stdio/stdio.c.obj
                0x00000000100042cc                stdio_set_driver_enabled
 .text.stdio_init_all
                0x00000000100042fc        0x8 CMakeFiles/main.dir/home/oscar/pico/pico-sdk/src/rp2_common/pico_stdio/stdio.c.obj
                0x00000000100042fc                stdio_init_all
 .text.__wrap_putchar
                0x0000000010004304       0x98 CMakeFiles/main.dir/home/oscar/pico/pico-sdk/src/rp2_common/pico_stdio/stdio.c.obj
                0x0000000010004304                stdio_putchar
                0x0000000010004304                __wrap_putchar
 .text.__wrap_puts
                0x000000001000439c       0x3c CMakeFiles/main.dir/home/oscar/pico/pico-sdk/src/rp2_common/pico_stdio/stdio.c.obj
                0x000000001000439c                __wrap_puts
                0x000000001000439c                stdio_puts
 .text.__wrap_vprintf
                0x00000000100043d8       0xd8 CMakeFiles/main.dir/home/oscar/pico/pico-sdk/src/rp2_common/pico_stdio/stdio.c.obj
                0x00000000100043d8                __wrap_vprintf
                0x00000000100043d8                stdio_vprintf
 .text.__wrap_printf
                0x00000000100044b0       0x18 CMakeFiles/main.dir/home/oscar/pico/pico-sdk/src/rp2_common/pico_stdio/stdio.c.obj
                0x00000000100044b0                stdio_printf
                0x00000000100044b0                __wrap_printf
 .text.resetd_init
                0x00000000100044c8        0x4 CMakeFiles/main.dir/home/oscar/pico/pico-sdk/src/rp2_common/pico_stdio_usb/reset_interface.c.obj
 .text.resetd_reset
                0x00000000100044cc        0xc CMakeFiles/main.dir/home/oscar/pico/pico-sdk/src/rp2_common/pico_stdio_usb/reset_interface.c.obj
 .text.resetd_open
                0x00000000100044d8       0x28 CMakeFiles/main.dir/home/oscar/pico/pico-sdk/src/rp2_common/pico_stdio_usb/reset_interface.c.obj
 .text.resetd_xfer_cb
                0x0000000010004500        0x4 CMakeFiles/main.dir/home/oscar/pico/pico-sdk/src/rp2_common/pico_stdio_usb/reset_interface.c.obj
 .text.resetd_control_xfer_cb
                0x0000000010004504       0x54 CMakeFiles/main.dir/home/oscar/pico/pico-sdk/src/rp2_common/pico_stdio_usb/reset_interface.c.obj
 .text.tud_descriptor_bos_cb
                0x0000000010004558        0x8 CMakeFiles/main.dir/home/oscar/pico/pico-sdk/src/rp2_common/pico_stdio_usb/reset_interface.c.obj
                0x0000000010004558                tud_descriptor_bos_cb
 .text.tud_vendor_control_xfer_cb
                0x0000000010004560       0x34 CMakeFiles/main.dir/home/oscar/pico/pico-sdk/src/rp2_common/pico_stdio_usb/reset_interface.c.obj
                0x0000000010004560                tud_vendor_control_xfer_cb
 .text.usbd_app_driver_get_cb
                0x0000000010004594        0xc CMakeFiles/main.dir/home/oscar/pico/pico-sdk/src/rp2_common/pico_stdio_usb/reset_interface.c.obj
                0x0000000010004594                usbd_app_driver_get_cb
 .text.tud_cdc_line_coding_cb
                0x00000000100045a0       0x28 CMakeFiles/main.dir/home/oscar/pico/pico-sdk/src/rp2_common/pico_stdio_usb/reset_interface.c.obj
                0x00000000100045a0                tud_cdc_line_coding_cb
 .text.stdio_usb_set_chars_available_callback
                0x00000000100045c8       0x14 CMakeFiles/main.dir/home/oscar/pico/pico-sdk/src/rp2_common/pico_stdio_usb/stdio_usb.c.obj
                0x00000000100045c8                stdio_usb_set_chars_available_callback
 .text.usb_irq  0x00000000100045dc       0x10 CMakeFiles/main.dir/home/oscar/pico/pico-sdk/src/rp2_common/pico_stdio_usb/stdio_usb.c.obj
 .text.timer_task
                0x00000000100045ec       0x64 CMakeFiles/main.dir/home/oscar/pico/pico-sdk/src/rp2_common/pico_stdio_usb/stdio_usb.c.obj
 .text.stdio_usb_in_chars
                0x0000000010004650       0x90 CMakeFiles/main.dir/home/oscar/pico/pico-sdk/src/rp2_common/pico_stdio_usb/stdio_usb.c.obj
                0x0000000010004650                stdio_usb_in_chars
 .text.stdio_usb_out_flush
                0x00000000100046e0       0x50 CMakeFiles/main.dir/home/oscar/pico/pico-sdk/src/rp2_common/pico_stdio_usb/stdio_usb.c.obj
 .text.stdio_usb_out_chars
                0x0000000010004730      0x100 CMakeFiles/main.dir/home/oscar/pico/pico-sdk/src/rp2_common/pico_stdio_usb/stdio_usb.c.obj
 .text.low_priority_worker_irq
                0x0000000010004830       0xc8 CMakeFiles/main.dir/home/oscar/pico/pico-sdk/src/rp2_common/pico_stdio_usb/stdio_usb.c.obj
 .text.stdio_usb_init
                0x00000000100048f8       0xe4 CMakeFiles/main.dir/home/oscar/pico/pico-sdk/src/rp2_common/pico_stdio_usb/stdio_usb.c.obj
                0x00000000100048f8                stdio_usb_init
 .text.tud_descriptor_device_cb
                0x00000000100049dc        0x8 CMakeFiles/main.dir/home/oscar/pico/pico-sdk/src/rp2_common/pico_stdio_usb/stdio_usb_descriptors.c.obj
                0x00000000100049dc                tud_descriptor_device_cb
 .text.tud_descriptor_configuration_cb
                0x00000000100049e4        0x8 CMakeFiles/main.dir/home/oscar/pico/pico-sdk/src/rp2_common/pico_stdio_usb/stdio_usb_descriptors.c.obj
                0x00000000100049e4                tud_descriptor_configuration_cb
 .text.tud_descriptor_string_cb
                0x00000000100049ec       0x74 CMakeFiles/main.dir/home/oscar/pico/pico-sdk/src/rp2_common/pico_stdio_usb/stdio_usb_descriptors.c.obj
                0x00000000100049ec                tud_descriptor_string_cb
 .text.startup._retrieve_unique_id_on_boot
                0x0000000010004a60       0x10 CMakeFiles/main.dir/home/oscar/pico/pico-sdk/src/rp2_common/pico_unique_id/unique_id.c.obj
 .text.pico_get_unique_board_id_string
                0x0000000010004a70      0x1a8 CMakeFiles/main.dir/home/oscar/pico/pico-sdk/src/rp2_common/pico_unique_id/unique_id.c.obj
                0x0000000010004a70                pico_get_unique_board_id_string
 .text.flash_get_unique_id
                0x0000000010004c18       0x40 CMakeFiles/main.dir/home/oscar/pico/pico-sdk/src/rp2_common/hardware_flash/flash.c.obj
                0x0000000010004c18                flash_get_unique_id
 .text.dcd_init
                0x0000000010004c58       0x8c CMakeFiles/main.dir/home/oscar/pico/pico-sdk/lib/tinyusb/src/portable/raspberrypi/rp2040/dcd_rp2040.c.obj
                0x0000000010004c58                dcd_init
 .text.dcd_int_enable
                0x0000000010004ce4        0xc CMakeFiles/main.dir/home/oscar/pico/pico-sdk/lib/tinyusb/src/portable/raspberrypi/rp2040/dcd_rp2040.c.obj
                0x0000000010004ce4                dcd_int_enable
 .text.dcd_set_address
                0x0000000010004cf0       0x14 CMakeFiles/main.dir/home/oscar/pico/pico-sdk/lib/tinyusb/src/portable/raspberrypi/rp2040/dcd_rp2040.c.obj
                0x0000000010004cf0                dcd_set_address
 .text.dcd_sof_enable
                0x0000000010004d04       0x1c CMakeFiles/main.dir/home/oscar/pico/pico-sdk/lib/tinyusb/src/portable/raspberrypi/rp2040/dcd_rp2040.c.obj
                0x0000000010004d04                dcd_sof_enable
 .text.dcd_edpt0_status_complete
                0x0000000010004d20       0x1c CMakeFiles/main.dir/home/oscar/pico/pico-sdk/lib/tinyusb/src/portable/raspberrypi/rp2040/dcd_rp2040.c.obj
                0x0000000010004d20                dcd_edpt0_status_complete
 .text.dcd_edpt_open
                0x0000000010004d3c      0x108 CMakeFiles/main.dir/home/oscar/pico/pico-sdk/lib/tinyusb/src/portable/raspberrypi/rp2040/dcd_rp2040.c.obj
                0x0000000010004d3c                dcd_edpt_open
 .text.dcd_edpt_close_all
                0x0000000010004e44        0x8 CMakeFiles/main.dir/home/oscar/pico/pico-sdk/lib/tinyusb/src/portable/raspberrypi/rp2040/dcd_rp2040.c.obj
                0x0000000010004e44                dcd_edpt_close_all
 .text.dcd_edpt_xfer
                0x0000000010004e4c       0x24 CMakeFiles/main.dir/home/oscar/pico/pico-sdk/lib/tinyusb/src/portable/raspberrypi/rp2040/dcd_rp2040.c.obj
                0x0000000010004e4c                dcd_edpt_xfer
 .text.dcd_edpt_stall
                0x0000000010004e70       0x38 CMakeFiles/main.dir/home/oscar/pico/pico-sdk/lib/tinyusb/src/portable/raspberrypi/rp2040/dcd_rp2040.c.obj
                0x0000000010004e70                dcd_edpt_stall
 .text.dcd_edpt_clear_stall
                0x0000000010004ea8       0x30 CMakeFiles/main.dir/home/oscar/pico/pico-sdk/lib/tinyusb/src/portable/raspberrypi/rp2040/dcd_rp2040.c.obj
                0x0000000010004ea8                dcd_edpt_clear_stall
 .text.rp2040_usb_init
                0x0000000010004ed8       0x40 CMakeFiles/main.dir/home/oscar/pico/pico-sdk/lib/tinyusb/src/portable/raspberrypi/rp2040/rp2040_usb.c.obj
                0x0000000010004ed8                rp2040_usb_init
 .text.hw_endpoint_xfer_start
                0x0000000010004f18       0x50 CMakeFiles/main.dir/home/oscar/pico/pico-sdk/lib/tinyusb/src/portable/raspberrypi/rp2040/rp2040_usb.c.obj
                0x0000000010004f18                hw_endpoint_xfer_start
 .text.tud_event_hook_cb
                0x0000000010004f68        0x4 CMakeFiles/main.dir/home/oscar/pico/pico-sdk/lib/tinyusb/src/device/usbd.c.obj
                0x0000000010004f68                tud_event_hook_cb
 .text.tud_sof_cb
                0x0000000010004f6c        0x4 CMakeFiles/main.dir/home/oscar/pico/pico-sdk/lib/tinyusb/src/device/usbd.c.obj
                0x0000000010004f6c                tud_sof_cb
 .text.tud_descriptor_device_qualifier_cb
                0x0000000010004f70        0x4 CMakeFiles/main.dir/home/oscar/pico/pico-sdk/lib/tinyusb/src/device/usbd.c.obj
                0x0000000010004f70                tud_descriptor_device_qualifier_cb
 .text.tud_descriptor_other_speed_configuration_cb
                0x0000000010004f74        0x4 CMakeFiles/main.dir/home/oscar/pico/pico-sdk/lib/tinyusb/src/device/usbd.c.obj
                0x0000000010004f74                tud_descriptor_other_speed_configuration_cb
 .text.tud_mount_cb
                0x0000000010004f78        0x4 CMakeFiles/main.dir/home/oscar/pico/pico-sdk/lib/tinyusb/src/device/usbd.c.obj
                0x0000000010004f78                tud_mount_cb
 .text.tud_umount_cb
                0x0000000010004f7c        0x4 CMakeFiles/main.dir/home/oscar/pico/pico-sdk/lib/tinyusb/src/device/usbd.c.obj
                0x0000000010004f7c                tud_umount_cb
 .text.tud_suspend_cb
                0x0000000010004f80        0x4 CMakeFiles/main.dir/home/oscar/pico/pico-sdk/lib/tinyusb/src/device/usbd.c.obj
                0x0000000010004f80                tud_suspend_cb
 .text.tud_resume_cb
                0x0000000010004f84        0x4 CMakeFiles/main.dir/home/oscar/pico/pico-sdk/lib/tinyusb/src/device/usbd.c.obj
                0x0000000010004f84                tud_resume_cb
 .text.tud_mounted
                0x0000000010004f88       0x10 CMakeFiles/main.dir/home/oscar/pico/pico-sdk/lib/tinyusb/src/device/usbd.c.obj
                0x0000000010004f88                tud_mounted
 .text.tud_suspended
                0x0000000010004f98       0x10 CMakeFiles/main.dir/home/oscar/pico/pico-sdk/lib/tinyusb/src/device/usbd.c.obj
                0x0000000010004f98                tud_suspended
 .text.tud_init
                0x0000000010004fa8       0xe4 CMakeFiles/main.dir/home/oscar/pico/pico-sdk/lib/tinyusb/src/device/usbd.c.obj
                0x0000000010004fa8                tud_init
 .text.tud_task_ext
                0x000000001000508c      0x800 CMakeFiles/main.dir/home/oscar/pico/pico-sdk/lib/tinyusb/src/device/usbd.c.obj
                0x000000001000508c                tud_task_ext
 .text.usbd_open_edpt_pair
                0x000000001000588c       0x9c CMakeFiles/main.dir/home/oscar/pico/pico-sdk/lib/tinyusb/src/device/usbd.c.obj
                0x000000001000588c                usbd_open_edpt_pair
 .text.usbd_edpt_open
                0x0000000010005928       0x34 CMakeFiles/main.dir/home/oscar/pico/pico-sdk/lib/tinyusb/src/device/usbd.c.obj
                0x0000000010005928                usbd_edpt_open
 .text.usbd_edpt_claim
                0x000000001000595c       0x28 CMakeFiles/main.dir/home/oscar/pico/pico-sdk/lib/tinyusb/src/device/usbd.c.obj
                0x000000001000595c                usbd_edpt_claim
 .text.usbd_edpt_release
                0x0000000010005984       0x28 CMakeFiles/main.dir/home/oscar/pico/pico-sdk/lib/tinyusb/src/device/usbd.c.obj
                0x0000000010005984                usbd_edpt_release
 .text.usbd_edpt_xfer
                0x00000000100059ac       0x4c CMakeFiles/main.dir/home/oscar/pico/pico-sdk/lib/tinyusb/src/device/usbd.c.obj
                0x00000000100059ac                usbd_edpt_xfer
 .text.tud_control_status
                0x00000000100059f8       0x30 CMakeFiles/main.dir/home/oscar/pico/pico-sdk/lib/tinyusb/src/device/usbd_control.c.obj
                0x00000000100059f8                tud_control_status
 .text.tud_control_xfer
                0x0000000010005a28       0xbc CMakeFiles/main.dir/home/oscar/pico/pico-sdk/lib/tinyusb/src/device/usbd_control.c.obj
                0x0000000010005a28                tud_control_xfer
 .text.usbd_control_reset
                0x0000000010005ae4       0x14 CMakeFiles/main.dir/home/oscar/pico/pico-sdk/lib/tinyusb/src/device/usbd_control.c.obj
                0x0000000010005ae4                usbd_control_reset
 .text.usbd_control_set_complete_callback
                0x0000000010005af8        0xc CMakeFiles/main.dir/home/oscar/pico/pico-sdk/lib/tinyusb/src/device/usbd_control.c.obj
                0x0000000010005af8                usbd_control_set_complete_callback
 .text.usbd_control_set_request
                0x0000000010005b04       0x1c CMakeFiles/main.dir/home/oscar/pico/pico-sdk/lib/tinyusb/src/device/usbd_control.c.obj
                0x0000000010005b04                usbd_control_set_request
 .text.usbd_control_xfer_cb
                0x0000000010005b20       0xf0 CMakeFiles/main.dir/home/oscar/pico/pico-sdk/lib/tinyusb/src/device/usbd_control.c.obj
                0x0000000010005b20                usbd_control_xfer_cb
 .text._prep_out_transaction.isra.0
                0x0000000010005c10       0x5c CMakeFiles/main.dir/home/oscar/pico/pico-sdk/lib/tinyusb/src/class/cdc/cdc_device.c.obj
 .text.tud_cdc_n_connected
                0x0000000010005c6c       0x30 CMakeFiles/main.dir/home/oscar/pico/pico-sdk/lib/tinyusb/src/class/cdc/cdc_device.c.obj
                0x0000000010005c6c                tud_cdc_n_connected
 .text.tud_cdc_n_available
                0x0000000010005c9c       0x18 CMakeFiles/main.dir/home/oscar/pico/pico-sdk/lib/tinyusb/src/class/cdc/cdc_device.c.obj
                0x0000000010005c9c                tud_cdc_n_available
 .text.tud_cdc_n_read
                0x0000000010005cb4       0x98 CMakeFiles/main.dir/home/oscar/pico/pico-sdk/lib/tinyusb/src/class/cdc/cdc_device.c.obj
                0x0000000010005cb4                tud_cdc_n_read
 .text.tud_cdc_n_write_flush
                0x0000000010005d4c       0x78 CMakeFiles/main.dir/home/oscar/pico/pico-sdk/lib/tinyusb/src/class/cdc/cdc_device.c.obj
                0x0000000010005d4c                tud_cdc_n_write_flush
 .text.tud_cdc_n_write
                0x0000000010005dc4       0x44 CMakeFiles/main.dir/home/oscar/pico/pico-sdk/lib/tinyusb/src/class/cdc/cdc_device.c.obj
                0x0000000010005dc4                tud_cdc_n_write
 .text.tud_cdc_n_write_available
                0x0000000010005e08       0x18 CMakeFiles/main.dir/home/oscar/pico/pico-sdk/lib/tinyusb/src/class/cdc/cdc_device.c.obj
                0x0000000010005e08                tud_cdc_n_write_available
 .text.cdcd_init
                0x0000000010005e20       0x7c CMakeFiles/main.dir/home/oscar/pico/pico-sdk/lib/tinyusb/src/class/cdc/cdc_device.c.obj
                0x0000000010005e20                cdcd_init
 .text.cdcd_deinit
                0x0000000010005e9c       0x24 CMakeFiles/main.dir/home/oscar/pico/pico-sdk/lib/tinyusb/src/class/cdc/cdc_device.c.obj
                0x0000000010005e9c                cdcd_deinit
 .text.cdcd_reset
                0x0000000010005ec0       0x4c CMakeFiles/main.dir/home/oscar/pico/pico-sdk/lib/tinyusb/src/class/cdc/cdc_device.c.obj
                0x0000000010005ec0                cdcd_reset
 .text.cdcd_open
                0x0000000010005f0c       0xb4 CMakeFiles/main.dir/home/oscar/pico/pico-sdk/lib/tinyusb/src/class/cdc/cdc_device.c.obj
                0x0000000010005f0c                cdcd_open
 .text.cdcd_control_xfer_cb
                0x0000000010005fc0       0xe4 CMakeFiles/main.dir/home/oscar/pico/pico-sdk/lib/tinyusb/src/class/cdc/cdc_device.c.obj
                0x0000000010005fc0                cdcd_control_xfer_cb
 .text.cdcd_xfer_cb
                0x00000000100060a4       0xfc CMakeFiles/main.dir/home/oscar/pico/pico-sdk/lib/tinyusb/src/class/cdc/cdc_device.c.obj
                0x00000000100060a4                cdcd_xfer_cb
 .text.tud_vendor_n_write_flush
                0x00000000100061a0       0x78 CMakeFiles/main.dir/home/oscar/pico/pico-sdk/lib/tinyusb/src/class/vendor/vendor_device.c.obj
                0x00000000100061a0                tud_vendor_n_write_flush
 .text.vendord_init
                0x0000000010006218       0x64 CMakeFiles/main.dir/home/oscar/pico/pico-sdk/lib/tinyusb/src/class/vendor/vendor_device.c.obj
                0x0000000010006218                vendord_init
 .text.vendord_deinit
                0x000000001000627c       0x24 CMakeFiles/main.dir/home/oscar/pico/pico-sdk/lib/tinyusb/src/class/vendor/vendor_device.c.obj
                0x000000001000627c                vendord_deinit
 .text.vendord_reset
                0x00000000100062a0       0x1c CMakeFiles/main.dir/home/oscar/pico/pico-sdk/lib/tinyusb/src/class/vendor/vendor_device.c.obj
                0x00000000100062a0                vendord_reset
 .text.vendord_open
                0x00000000100062bc       0xc8 CMakeFiles/main.dir/home/oscar/pico/pico-sdk/lib/tinyusb/src/class/vendor/vendor_device.c.obj
                0x00000000100062bc                vendord_open
 .text.vendord_xfer_cb
                0x0000000010006384       0xc8 CMakeFiles/main.dir/home/oscar/pico/pico-sdk/lib/tinyusb/src/class/vendor/vendor_device.c.obj
                0x0000000010006384                vendord_xfer_cb
 .text.tusb_init
                0x000000001000644c        0xc CMakeFiles/main.dir/home/oscar/pico/pico-sdk/lib/tinyusb/src/tusb.c.obj
                0x000000001000644c                tusb_init
 .text.tu_edpt_claim
                0x0000000010006458       0x50 CMakeFiles/main.dir/home/oscar/pico/pico-sdk/lib/tinyusb/src/tusb.c.obj
                0x0000000010006458                tu_edpt_claim
 .text.tu_edpt_release
                0x00000000100064a8       0x38 CMakeFiles/main.dir/home/oscar/pico/pico-sdk/lib/tinyusb/src/tusb.c.obj
                0x00000000100064a8                tu_edpt_release
 .text.tu_edpt_validate
                0x00000000100064e0       0x78 CMakeFiles/main.dir/home/oscar/pico/pico-sdk/lib/tinyusb/src/tusb.c.obj
                0x00000000100064e0                tu_edpt_validate
 .text.tu_edpt_bind_driver
                0x0000000010006558       0x34 CMakeFiles/main.dir/home/oscar/pico/pico-sdk/lib/tinyusb/src/tusb.c.obj
                0x0000000010006558                tu_edpt_bind_driver
 .text.tu_fifo_config
                0x000000001000658c       0x70 CMakeFiles/main.dir/home/oscar/pico/pico-sdk/lib/tinyusb/src/common/tusb_fifo.c.obj
                0x000000001000658c                tu_fifo_config
 .text.tu_fifo_count
                0x00000000100065fc       0x2c CMakeFiles/main.dir/home/oscar/pico/pico-sdk/lib/tinyusb/src/common/tusb_fifo.c.obj
                0x00000000100065fc                tu_fifo_count
 .text.tu_fifo_empty
                0x0000000010006628       0x10 CMakeFiles/main.dir/home/oscar/pico/pico-sdk/lib/tinyusb/src/common/tusb_fifo.c.obj
                0x0000000010006628                tu_fifo_empty
 .text.tu_fifo_remaining
                0x0000000010006638       0x2c CMakeFiles/main.dir/home/oscar/pico/pico-sdk/lib/tinyusb/src/common/tusb_fifo.c.obj
                0x0000000010006638                tu_fifo_remaining
 .text.tu_fifo_read
                0x0000000010006664       0xa0 CMakeFiles/main.dir/home/oscar/pico/pico-sdk/lib/tinyusb/src/common/tusb_fifo.c.obj
                0x0000000010006664                tu_fifo_read
 .text.tu_fifo_read_n
                0x0000000010006704       0xec CMakeFiles/main.dir/home/oscar/pico/pico-sdk/lib/tinyusb/src/common/tusb_fifo.c.obj
                0x0000000010006704                tu_fifo_read_n
 .text.tu_fifo_write
                0x00000000100067f0       0x88 CMakeFiles/main.dir/home/oscar/pico/pico-sdk/lib/tinyusb/src/common/tusb_fifo.c.obj
                0x00000000100067f0                tu_fifo_write
 .text.tu_fifo_write_n
                0x0000000010006878      0x168 CMakeFiles/main.dir/home/oscar/pico/pico-sdk/lib/tinyusb/src/common/tusb_fifo.c.obj
                0x0000000010006878                tu_fifo_write_n
 .text.tu_fifo_clear
                0x00000000100069e0       0x40 CMakeFiles/main.dir/home/oscar/pico/pico-sdk/lib/tinyusb/src/common/tusb_fifo.c.obj
                0x00000000100069e0                tu_fifo_clear
 .text.tu_fifo_set_overwritable
                0x0000000010006a20       0x48 CMakeFiles/main.dir/home/oscar/pico/pico-sdk/lib/tinyusb/src/common/tusb_fifo.c.obj
                0x0000000010006a20                tu_fifo_set_overwritable
 .text.spi_init
                0x0000000010006a68      0x134 CMakeFiles/main.dir/home/oscar/pico/pico-sdk/src/rp2_common/hardware_spi/spi.c.obj
                0x0000000010006a68                spi_init
 .text.i2c_set_baudrate
                0x0000000010006b9c       0xc0 CMakeFiles/main.dir/home/oscar/pico/pico-sdk/src/rp2_common/hardware_i2c/i2c.c.obj
                0x0000000010006b9c                i2c_set_baudrate
 .text.i2c_init
                0x0000000010006c5c       0x54 CMakeFiles/main.dir/home/oscar/pico/pico-sdk/src/rp2_common/hardware_i2c/i2c.c.obj
                0x0000000010006c5c                i2c_init
 .text.i2c_write_blocking
                0x0000000010006cb0       0xd0 CMakeFiles/main.dir/home/oscar/pico/pico-sdk/src/rp2_common/hardware_i2c/i2c.c.obj
                0x0000000010006cb0                i2c_write_blocking
 .text.i2c_read_blocking
                0x0000000010006d80       0xac CMakeFiles/main.dir/home/oscar/pico/pico-sdk/src/rp2_common/hardware_i2c/i2c.c.obj
                0x0000000010006d80                i2c_read_blocking
 .text.btn_event_cb
                0x0000000010006e2c       0x38 examples/libexamples.a(LCD_1in69_test.c.obj)
 .text.Touch_INT_callback
                0x0000000010006e64       0x40 examples/libexamples.a(LCD_1in69_test.c.obj)
                0x0000000010006e64                Touch_INT_callback
 .text.lv_example_get_started_1
                0x0000000010006ea4       0x54 examples/libexamples.a(LCD_1in69_test.c.obj)
                0x0000000010006ea4                lv_example_get_started_1
 .text.LCD_1in69_test
                0x0000000010006ef8       0x80 examples/libexamples.a(LCD_1in69_test.c.obj)
                0x0000000010006ef8                LCD_1in69_test
 .text.LCD_1IN69_SetWindows
                0x0000000010006f78      0x278 lib/LCD/libLCD.a(LCD_1in69.c.obj)
                0x0000000010006f78                LCD_1IN69_SetWindows
 .text.LCD_1IN69_Clear
                0x00000000100071f0       0x5c lib/LCD/libLCD.a(LCD_1in69.c.obj)
                0x00000000100071f0                LCD_1IN69_Clear
 .text.LCD_1IN69_Init
                0x000000001000724c      0x860 lib/LCD/libLCD.a(LCD_1in69.c.obj)
                0x000000001000724c                LCD_1IN69_Init
 .text.LCD_1IN69_DrawPoint
                0x0000000010007aac       0x34 lib/LCD/libLCD.a(LCD_1in69.c.obj)
                0x0000000010007aac                LCD_1IN69_DrawPoint
 .text.Touch_1IN69_init
                0x0000000010007ae0       0xbc lib/LCD/libLCD.a(Touch_1in69.c.obj)
                0x0000000010007ae0                Touch_1IN69_init
 .text.Touch_1IN69_Get_Point
                0x0000000010007b9c       0x44 lib/LCD/libLCD.a(Touch_1in69.c.obj)
                0x0000000010007b9c                Touch_1IN69_Get_Point
 .text.DEV_Digital_Write
                0x0000000010007be0       0x14 lib/Config/libConfig.a(DEV_Config.c.obj)
                0x0000000010007be0                DEV_Digital_Write
 .text.DEV_IRQ_SET
                0x0000000010007bf4        0x8 lib/Config/libConfig.a(DEV_Config.c.obj)
                0x0000000010007bf4                DEV_IRQ_SET
 .text.DEV_SPI_WriteByte
                0x0000000010007bfc       0x1c lib/Config/libConfig.a(DEV_Config.c.obj)
                0x0000000010007bfc                DEV_SPI_WriteByte
 .text.DEV_SPI_Write_nByte
                0x0000000010007c18       0x14 lib/Config/libConfig.a(DEV_Config.c.obj)
                0x0000000010007c18                DEV_SPI_Write_nByte
 .text.DEV_I2C_Write_Byte
                0x0000000010007c2c       0x24 lib/Config/libConfig.a(DEV_Config.c.obj)
                0x0000000010007c2c                DEV_I2C_Write_Byte
 .text.DEV_I2C_Read_Byte
                0x0000000010007c50       0x38 lib/Config/libConfig.a(DEV_Config.c.obj)
                0x0000000010007c50                DEV_I2C_Read_Byte
 .text.DEV_I2C_Read_nByte
                0x0000000010007c88       0x38 lib/Config/libConfig.a(DEV_Config.c.obj)
                0x0000000010007c88                DEV_I2C_Read_nByte
 .text.DEV_SET_PWM
                0x0000000010007cc0       0x40 lib/Config/libConfig.a(DEV_Config.c.obj)
                0x0000000010007cc0                DEV_SET_PWM
 .text.DEV_Delay_ms
                0x0000000010007d00        0x8 lib/Config/libConfig.a(DEV_Config.c.obj)
                0x0000000010007d00                DEV_Delay_ms
 .text.DEV_Module_Init
                0x0000000010007d08      0x110 lib/Config/libConfig.a(DEV_Config.c.obj)
                0x0000000010007d08                DEV_Module_Init
 .text          0x0000000010007e18      0x6bc lib/liblvgl.a(lv_disp.c.obj)
                0x0000000010007f18                lv_disp_get_scr_act
                0x0000000010007f34                lv_disp_get_scr_prev
                0x0000000010007f50                lv_disp_get_layer_top
                0x0000000010007f6c                lv_disp_get_layer_sys
                0x0000000010007f88                lv_disp_set_theme
                0x0000000010007fd4                lv_disp_get_theme
                0x0000000010007fe4                lv_disp_set_bg_color
                0x000000001000802c                lv_disp_set_bg_image
                0x0000000010008074                lv_disp_set_bg_opa
                0x00000000100080bc                lv_scr_load_anim
                0x00000000100083dc                lv_disp_load_scr
                0x00000000100083f0                lv_disp_get_inactive_time
                0x0000000010008434                lv_disp_trig_activity
                0x0000000010008450                lv_disp_clean_dcache
                0x000000001000846c                lv_disp_enable_invalidation
                0x0000000010008494                lv_disp_is_invalidation_enabled
                0x00000000100084b8                _lv_disp_get_refr_timer
 .text          0x00000000100084d4      0x5b0 lib/liblvgl.a(lv_event.c.obj)
                0x00000000100086a0                lv_event_send
                0x00000000100086e0                lv_obj_event_base
                0x0000000010008710                lv_event_get_target
                0x0000000010008714                lv_event_get_current_target
                0x0000000010008718                lv_event_get_code
                0x0000000010008720                lv_event_get_param
                0x0000000010008724                lv_event_get_user_data
                0x0000000010008728                lv_event_stop_bubbling
                0x0000000010008734                lv_event_stop_processing
                0x0000000010008740                lv_event_register_id
                0x0000000010008750                _lv_event_mark_deleted
                0x0000000010008780                lv_obj_add_event_cb
                0x00000000100087e4                lv_obj_remove_event_cb
                0x0000000010008868                lv_obj_remove_event_cb_with_user_data
                0x000000001000890c                lv_obj_remove_event_dsc
                0x000000001000898c                lv_obj_get_event_user_data
                0x00000000100089bc                lv_event_get_indev
                0x00000000100089cc                lv_event_get_draw_part_dsc
                0x00000000100089dc                lv_event_get_draw_ctx
                0x00000000100089ec                lv_event_get_old_size
                0x00000000100089fc                lv_event_get_key
                0x0000000010008a10                lv_event_get_scroll_anim
                0x0000000010008a20                lv_event_set_ext_draw_size
                0x0000000010008a40                lv_event_get_self_size_info
                0x0000000010008a50                lv_event_get_hit_test_info
                0x0000000010008a60                lv_event_get_cover_area
                0x0000000010008a70                lv_event_set_cover_res
 .text          0x0000000010008a84     0x12c4 lib/liblvgl.a(lv_indev.c.obj)
                0x0000000010008bf0                lv_indev_enable
                0x0000000010008c30                lv_indev_get_act
                0x0000000010008c3c                lv_indev_get_type
                0x0000000010008c4c                lv_indev_reset
                0x0000000010008d2c                lv_indev_reset_long_press
                0x0000000010008d48                lv_indev_set_cursor
                0x0000000010008d8c                lv_indev_set_group
                0x0000000010008d9c                lv_indev_set_button_points
                0x0000000010008da8                lv_indev_get_point
                0x0000000010008dd8                lv_indev_get_gesture_dir
                0x0000000010008de0                lv_indev_get_key
                0x0000000010008df0                lv_indev_get_scroll_dir
                0x0000000010008e10                lv_indev_get_scroll_obj
                0x0000000010008e2c                lv_indev_get_vect
                0x0000000010008e50                lv_indev_wait_release
                0x0000000010008e60                lv_indev_get_obj_act
                0x0000000010008e6c                lv_indev_get_read_timer
                0x0000000010008e78                lv_indev_search_obj
                0x00000000100093a8                lv_indev_read_timer_cb
 .text          0x0000000010009d48      0xd40 lib/liblvgl.a(lv_indev_scroll.c.obj)
                0x000000001000a120                _lv_indev_scroll_handler
                0x000000001000a754                _lv_indev_scroll_throw_handler
                0x000000001000aa18                lv_indev_scroll_throw_predict
                0x000000001000aa5c                lv_indev_scroll_get_snap_dist
 .text          0x000000001000aa88     0x10fc lib/liblvgl.a(lv_obj.c.obj)
                0x000000001000b870                lv_is_initialized
                0x000000001000b87c                lv_init
                0x000000001000b8d4                lv_deinit
                0x000000001000b8f0                lv_obj_create
                0x000000001000b908                lv_obj_add_flag
                0x000000001000b9a0                lv_obj_clear_flag
                0x000000001000ba24                lv_obj_add_state
                0x000000001000ba34                lv_obj_clear_state
                0x000000001000ba48                lv_obj_has_flag
                0x000000001000ba58                lv_obj_has_flag_any
                0x000000001000ba64                lv_obj_get_state
                0x000000001000ba68                lv_obj_has_state
                0x000000001000ba74                lv_obj_get_group
                0x000000001000ba80                lv_obj_allocate_spec_attr
                0x000000001000bac4                lv_obj_check_type
                0x000000001000bad8                lv_obj_has_class
                0x000000001000baf4                lv_obj_get_class
                0x000000001000baf8                lv_obj_is_valid
 .text          0x000000001000bb84      0x2bc lib/liblvgl.a(lv_obj_class.c.obj)
                0x000000001000bbf0                lv_obj_class_create_obj
                0x000000001000bce0                lv_obj_class_init_obj
                0x000000001000bdc8                _lv_obj_destruct
                0x000000001000bdf0                lv_obj_is_editable
                0x000000001000be18                lv_obj_is_group_def
 .text          0x000000001000be40      0x79c lib/liblvgl.a(lv_obj_draw.c.obj)
                0x000000001000be40                lv_obj_init_draw_rect_dsc
                0x000000001000c158                lv_obj_init_draw_label_dsc
                0x000000001000c218                lv_obj_init_draw_img_dsc
                0x000000001000c2cc                lv_obj_init_draw_line_dsc
                0x000000001000c398                lv_obj_init_draw_arc_dsc
                0x000000001000c444                lv_obj_calculate_ext_draw_size
                0x000000001000c530                lv_obj_draw_dsc_init
                0x000000001000c540                lv_obj_draw_part_check_type
                0x000000001000c558                lv_obj_refresh_ext_draw_size
                0x000000001000c5bc                _lv_obj_get_ext_draw_size
                0x000000001000c5cc                _lv_obj_get_layer_type
 .text          0x000000001000c5dc     0x268c lib/liblvgl.a(lv_obj_pos.c.obj)
                0x000000001000c9c4                lv_obj_set_pos
                0x000000001000ca2c                lv_obj_set_x
                0x000000001000ca5c                lv_obj_set_y
                0x000000001000ca8c                lv_obj_set_size
                0x000000001000caf4                lv_obj_set_width
                0x000000001000cb24                lv_obj_set_height
                0x000000001000cb54                lv_obj_set_content_width
                0x000000001000cbb0                lv_obj_set_content_height
                0x000000001000cc0c                lv_obj_set_layout
                0x000000001000cc40                lv_obj_is_layout_positioned
                0x000000001000cc74                lv_obj_mark_layout_as_dirty
                0x000000001000cc9c                lv_layout_register
                0x000000001000ccd8                lv_obj_set_align
                0x000000001000cce4                lv_obj_align
                0x000000001000cd54                lv_obj_get_coords
                0x000000001000cd70                lv_obj_get_x
                0x000000001000cdbc                lv_obj_get_x2
                0x000000001000ce18                lv_obj_get_y
                0x000000001000ce64                lv_obj_get_y2
                0x000000001000cec0                lv_obj_get_x_aligned
                0x000000001000ced0                lv_obj_get_y_aligned
                0x000000001000cee0                lv_obj_get_width
                0x000000001000cef0                lv_obj_get_height
                0x000000001000cf00                lv_obj_get_content_width
                0x000000001000cf3c                lv_obj_get_content_height
                0x000000001000cf78                lv_obj_get_content_coords
                0x000000001000cfec                lv_obj_get_self_width
                0x000000001000d00c                lv_obj_get_self_height
                0x000000001000d02c                lv_obj_refresh_self_size
                0x000000001000d084                lv_obj_move_children_by
                0x000000001000d140                lv_obj_transform_point
                0x000000001000d1d0                lv_obj_get_transformed_area
                0x000000001000d4e0                lv_obj_area_is_visible
                0x000000001000d5d8                lv_obj_invalidate_area
                0x000000001000d61c                lv_obj_invalidate
                0x000000001000d68c                lv_obj_move_to
                0x000000001000d840                lv_obj_refr_pos
                0x000000001000e3a4                lv_obj_refr_size
                0x000000001000e464                lv_obj_align_to
                0x000000001000e9f8                lv_obj_update_layout
                0x000000001000ea38                lv_obj_is_visible
                0x000000001000ea70                lv_obj_set_ext_click_area
                0x000000001000ea80                lv_obj_get_click_area
                0x000000001000eab4                lv_obj_hit_test
                0x000000001000eb48                lv_clamp_width
                0x000000001000ebd8                lv_clamp_height
 .text          0x000000001000ec68     0x1c60 lib/liblvgl.a(lv_obj_scroll.c.obj)
                0x000000001000eee0                lv_obj_set_scrollbar_mode
                0x000000001000ef08                lv_obj_set_scroll_dir
                0x000000001000ef2c                lv_obj_set_scroll_snap_x
                0x000000001000ef4c                lv_obj_set_scroll_snap_y
                0x000000001000ef6c                lv_obj_get_scrollbar_mode
                0x000000001000ef80                lv_obj_get_scroll_dir
                0x000000001000ef94                lv_obj_get_scroll_snap_x
                0x000000001000efa8                lv_obj_get_scroll_snap_y
                0x000000001000efbc                lv_obj_get_scroll_x
                0x000000001000efd0                lv_obj_get_scroll_y
                0x000000001000efe4                lv_obj_get_scroll_top
                0x000000001000eff8                lv_obj_get_scroll_bottom
                0x000000001000fa14                lv_obj_get_scroll_left
                0x000000001000fa40                lv_obj_get_scroll_right
                0x000000001000fa6c                lv_obj_get_scroll_end
                0x000000001000fad4                lv_obj_scroll_by
                0x00000000100101c8                lv_obj_scroll_by_bounded
                0x00000000100103b0                lv_obj_scroll_to
                0x0000000010010418                lv_obj_scroll_to_x
                0x0000000010010450                lv_obj_scroll_to_y
                0x0000000010010488                lv_obj_scroll_to_view
                0x00000000100104ac                lv_obj_scroll_to_view_recursive
                0x00000000100104e8                _lv_obj_scroll_by_raw
                0x0000000010010534                lv_obj_is_scrolling
                0x0000000010010560                lv_obj_update_snap
                0x00000000100106ec                lv_obj_get_scrollbar_area
                0x0000000010010730                lv_obj_scrollbar_invalidate
                0x00000000100107b4                lv_obj_readjust_scroll
 .text          0x00000000100108c8     0x18dc lib/liblvgl.a(lv_obj_style.c.obj)
                0x0000000010010e14                _lv_obj_style_init
                0x0000000010010e24                lv_obj_enable_style_refresh
                0x0000000010010e30                lv_obj_get_style_prop
                0x00000000100111ac                lv_obj_refresh_style
                0x00000000100111c0                lv_obj_add_style
                0x00000000100113f8                lv_obj_remove_style
                0x0000000010011a38                lv_obj_report_style_change
                0x0000000010011b2c                lv_obj_set_local_style_prop
                0x0000000010011b5c                lv_obj_set_local_style_prop_meta
                0x0000000010011b8c                lv_obj_get_local_style_prop
                0x0000000010011bc0                lv_obj_remove_local_style_prop
                0x0000000010011c2c                _lv_obj_style_create_transition
                0x0000000010011db0                _lv_obj_style_apply_color_filter
                0x0000000010011df0                _lv_obj_style_state_compare
                0x000000001001206c                lv_obj_fade_in
                0x00000000100120a8                lv_obj_fade_out
                0x00000000100120e8                lv_obj_style_get_selector_state
                0x00000000100120ec                lv_obj_style_get_selector_part
                0x00000000100120f4                lv_obj_calculate_style_text_align
                0x0000000010012118                lv_obj_get_style_opa_recursive
 .text          0x00000000100121a4      0x5a0 lib/liblvgl.a(lv_obj_style_gen.c.obj)
                0x00000000100121a4                lv_obj_set_style_width
                0x00000000100121b4                lv_obj_set_style_min_width
                0x00000000100121c4                lv_obj_set_style_max_width
                0x00000000100121d4                lv_obj_set_style_height
                0x00000000100121e4                lv_obj_set_style_min_height
                0x00000000100121f4                lv_obj_set_style_max_height
                0x0000000010012204                lv_obj_set_style_x
                0x0000000010012214                lv_obj_set_style_y
                0x0000000010012224                lv_obj_set_style_align
                0x0000000010012234                lv_obj_set_style_transform_width
                0x0000000010012244                lv_obj_set_style_transform_height
                0x0000000010012254                lv_obj_set_style_translate_x
                0x0000000010012264                lv_obj_set_style_translate_y
                0x0000000010012274                lv_obj_set_style_transform_zoom
                0x0000000010012284                lv_obj_set_style_transform_angle
                0x0000000010012294                lv_obj_set_style_transform_pivot_x
                0x00000000100122a4                lv_obj_set_style_transform_pivot_y
                0x00000000100122b4                lv_obj_set_style_pad_top
                0x00000000100122c4                lv_obj_set_style_pad_bottom
                0x00000000100122d4                lv_obj_set_style_pad_left
                0x00000000100122e4                lv_obj_set_style_pad_right
                0x00000000100122f4                lv_obj_set_style_pad_row
                0x0000000010012304                lv_obj_set_style_pad_column
                0x0000000010012314                lv_obj_set_style_bg_color
                0x000000001001232c                lv_obj_set_style_bg_opa
                0x000000001001233c                lv_obj_set_style_bg_grad_color
                0x0000000010012354                lv_obj_set_style_bg_grad_dir
                0x0000000010012364                lv_obj_set_style_bg_main_stop
                0x0000000010012374                lv_obj_set_style_bg_grad_stop
                0x0000000010012384                lv_obj_set_style_bg_grad
                0x0000000010012394                lv_obj_set_style_bg_dither_mode
                0x00000000100123a4                lv_obj_set_style_bg_img_src
                0x00000000100123b4                lv_obj_set_style_bg_img_opa
                0x00000000100123c4                lv_obj_set_style_bg_img_recolor
                0x00000000100123dc                lv_obj_set_style_bg_img_recolor_opa
                0x00000000100123ec                lv_obj_set_style_bg_img_tiled
                0x00000000100123fc                lv_obj_set_style_border_color
                0x0000000010012414                lv_obj_set_style_border_opa
                0x0000000010012424                lv_obj_set_style_border_width
                0x0000000010012434                lv_obj_set_style_border_side
                0x0000000010012444                lv_obj_set_style_border_post
                0x0000000010012454                lv_obj_set_style_outline_width
                0x0000000010012464                lv_obj_set_style_outline_color
                0x000000001001247c                lv_obj_set_style_outline_opa
                0x000000001001248c                lv_obj_set_style_outline_pad
                0x000000001001249c                lv_obj_set_style_shadow_width
                0x00000000100124ac                lv_obj_set_style_shadow_ofs_x
                0x00000000100124bc                lv_obj_set_style_shadow_ofs_y
                0x00000000100124cc                lv_obj_set_style_shadow_spread
                0x00000000100124dc                lv_obj_set_style_shadow_color
                0x00000000100124f4                lv_obj_set_style_shadow_opa
                0x0000000010012504                lv_obj_set_style_img_opa
                0x0000000010012514                lv_obj_set_style_img_recolor
                0x000000001001252c                lv_obj_set_style_img_recolor_opa
                0x000000001001253c                lv_obj_set_style_line_width
                0x000000001001254c                lv_obj_set_style_line_dash_width
                0x000000001001255c                lv_obj_set_style_line_dash_gap
                0x000000001001256c                lv_obj_set_style_line_rounded
                0x000000001001257c                lv_obj_set_style_line_color
                0x0000000010012594                lv_obj_set_style_line_opa
                0x00000000100125a4                lv_obj_set_style_arc_width
                0x00000000100125b4                lv_obj_set_style_arc_rounded
                0x00000000100125c4                lv_obj_set_style_arc_color
                0x00000000100125dc                lv_obj_set_style_arc_opa
                0x00000000100125ec                lv_obj_set_style_arc_img_src
                0x00000000100125fc                lv_obj_set_style_text_color
                0x0000000010012614                lv_obj_set_style_text_opa
                0x0000000010012624                lv_obj_set_style_text_font
                0x0000000010012634                lv_obj_set_style_text_letter_space
                0x0000000010012644                lv_obj_set_style_text_line_space
                0x0000000010012654                lv_obj_set_style_text_decor
                0x0000000010012664                lv_obj_set_style_text_align
                0x0000000010012674                lv_obj_set_style_radius
                0x0000000010012684                lv_obj_set_style_clip_corner
                0x0000000010012694                lv_obj_set_style_opa
                0x00000000100126a4                lv_obj_set_style_opa_layered
                0x00000000100126b4                lv_obj_set_style_color_filter_dsc
                0x00000000100126c4                lv_obj_set_style_color_filter_opa
                0x00000000100126d4                lv_obj_set_style_anim
                0x00000000100126e4                lv_obj_set_style_anim_time
                0x00000000100126f4                lv_obj_set_style_anim_speed
                0x0000000010012704                lv_obj_set_style_transition
                0x0000000010012714                lv_obj_set_style_blend_mode
                0x0000000010012724                lv_obj_set_style_layout
                0x0000000010012734                lv_obj_set_style_base_dir
 .text          0x0000000010012744      0x970 lib/liblvgl.a(lv_obj_tree.c.obj)
                0x0000000010012a3c                lv_obj_del_anim_ready_cb
                0x0000000010012af0                lv_obj_del
                0x0000000010012ba0                lv_obj_clean
                0x0000000010012bf0                lv_obj_del_delayed
                0x0000000010012c20                lv_obj_del_async
                0x0000000010012c30                lv_obj_set_parent
                0x0000000010012d54                lv_obj_move_to_index
                0x0000000010012e40                lv_obj_swap
                0x0000000010012fc0                lv_obj_get_screen
                0x0000000010012fd0                lv_obj_get_disp
                0x0000000010013020                lv_obj_get_parent
                0x000000001001302c                lv_obj_get_child
                0x000000001001304c                lv_obj_get_child_cnt
                0x000000001001305c                lv_obj_get_index
                0x00000000100130ac                lv_obj_tree_walk
 .text          0x00000000100130b4     0x1634 lib/liblvgl.a(lv_refr.c.obj)
                0x0000000010013130                _lv_refr_init
                0x0000000010013134                lv_obj_redraw
                0x0000000010013f0c                _lv_inv_area
                0x0000000010013ffc                _lv_refr_get_disp_refreshing
                0x0000000010014008                _lv_refr_set_disp_refreshing
                0x0000000010014014                _lv_disp_refr_timer
                0x00000000100146a0                lv_refr_now
 .text          0x00000000100146e8      0x1e0 lib/liblvgl.a(lv_theme.c.obj)
                0x0000000010014748                lv_theme_get_from_obj
                0x0000000010014760                lv_theme_apply
                0x00000000100147e4                lv_theme_set_parent
                0x00000000100147e8                lv_theme_set_apply_cb
                0x00000000100147ec                lv_theme_get_font_small
                0x0000000010014818                lv_theme_get_font_normal
                0x0000000010014844                lv_theme_get_font_large
                0x0000000010014870                lv_theme_get_color_primary
                0x000000001001489c                lv_theme_get_color_secondary
 .text          0x00000000100148c8       0x10 lib/liblvgl.a(lv_draw.c.obj)
                0x00000000100148c8                lv_draw_init
                0x00000000100148cc                lv_draw_wait_for_finish
 .text          0x00000000100148d8      0x3a4 lib/liblvgl.a(lv_draw_img.c.obj)
                0x00000000100148d8                lv_draw_img_dsc_init
                0x00000000100148f8                lv_draw_img
                0x0000000010014c00                lv_img_cf_get_px_size
                0x0000000010014c14                lv_img_cf_is_chroma_keyed
                0x0000000010014c28                lv_img_cf_has_alpha
                0x0000000010014c48                lv_img_src_get_type
                0x0000000010014c64                lv_draw_img_decoded
 .text          0x0000000010014c7c      0x76c lib/liblvgl.a(lv_draw_label.c.obj)
                0x0000000010014c7c                lv_draw_label_dsc_init
                0x0000000010014cac                lv_draw_label
                0x00000000100153e0                lv_draw_letter
 .text          0x00000000100153e8       0xc0 lib/liblvgl.a(lv_draw_layer.c.obj)
                0x00000000100153e8                lv_draw_layer_create
                0x000000001001544c                lv_draw_layer_adjust
                0x0000000010015458                lv_draw_layer_blend
                0x0000000010015464                lv_draw_layer_destroy
 .text          0x00000000100154a8       0x30 lib/liblvgl.a(lv_draw_line.c.obj)
                0x00000000100154a8                lv_draw_line_dsc_init
                0x00000000100154c0                lv_draw_line
 .text          0x00000000100154d8     0x20f4 lib/liblvgl.a(lv_draw_mask.c.obj)
                0x000000001001624c                lv_draw_mask_add
                0x0000000010016324                lv_draw_mask_apply
                0x000000001001638c                lv_draw_mask_apply_ids
                0x0000000010016408                lv_draw_mask_remove_id
                0x0000000010016424                lv_draw_mask_remove_custom
                0x000000001001656c                lv_draw_mask_free_param
                0x00000000100165a8                _lv_draw_mask_cleanup
                0x00000000100165d0                lv_draw_mask_get_cnt
                0x0000000010016674                lv_draw_mask_is_any
                0x00000000100166d4                lv_draw_mask_line_points_init
                0x0000000010016bb0                lv_draw_mask_line_angle_init
                0x0000000010016d6c                lv_draw_mask_angle_init
                0x0000000010016ec4                lv_draw_mask_radius_init
                0x00000000100174a4                lv_draw_mask_fade_init
                0x00000000100174e0                lv_draw_mask_map_init
                0x000000001001750c                lv_draw_mask_polygon_init
 .text          0x00000000100175cc       0x70 lib/liblvgl.a(lv_draw_rect.c.obj)
                0x00000000100175cc                lv_draw_rect_dsc_init
                0x0000000010017618                lv_draw_rect
 .text          0x000000001001763c      0x7a0 lib/liblvgl.a(lv_img_buf.c.obj)
                0x000000001001763c                lv_img_buf_get_px_color
                0x0000000010017734                lv_img_buf_get_px_alpha
                0x0000000010017820                lv_img_buf_set_px_alpha
                0x0000000010017914                lv_img_buf_set_px_color
                0x0000000010017a40                lv_img_buf_set_palette
                0x0000000010017ac4                lv_img_buf_alloc
                0x0000000010017bb8                lv_img_buf_free
                0x0000000010017bd0                lv_img_buf_get_img_size
                0x0000000010017c6c                _lv_img_buf_get_transformed_area
 .text          0x0000000010017ddc       0x68 lib/liblvgl.a(lv_img_cache.c.obj)
                0x0000000010017ddc                _lv_img_cache_open
                0x0000000010017e3c                lv_img_cache_set_size
                0x0000000010017e40                lv_img_cache_invalidate_src
 .text          0x0000000010017e44      0x974 lib/liblvgl.a(lv_img_decoder.c.obj)
                0x0000000010017e44                lv_img_decoder_built_in_close
                0x0000000010017e7c                lv_img_decoder_built_in_info
                0x0000000010017f48                lv_img_decoder_built_in_read_line
                0x00000000100182fc                lv_img_decoder_built_in_open
                0x000000001001859c                _lv_img_decoder_init
                0x00000000100185e0                lv_img_decoder_get_info
                0x0000000010018648                lv_img_decoder_open
                0x0000000010018728                lv_img_decoder_read_line
                0x000000001001874c                lv_img_decoder_close
                0x0000000010018774                lv_img_decoder_create
                0x0000000010018790                lv_img_decoder_delete
                0x00000000100187a8                lv_img_decoder_set_info_cb
                0x00000000100187ac                lv_img_decoder_set_open_cb
                0x00000000100187b0                lv_img_decoder_set_read_line_cb
                0x00000000100187b4                lv_img_decoder_set_close_cb
 .text          0x00000000100187b8        0xc lib/liblvgl.a(lv_extra.c.obj)
                0x00000000100187b8                lv_extra_init
 .text          0x00000000100187c4      0x110 lib/liblvgl.a(lv_font.c.obj)
                0x0000000010018894                lv_font_get_glyph_bitmap
                0x00000000100188a4                lv_font_get_glyph_dsc
                0x00000000100188b8                lv_font_get_glyph_width
 .text          0x00000000100188d4      0x4dc lib/liblvgl.a(lv_font_fmt_txt.c.obj)
                0x0000000010018904                lv_font_get_bitmap_fmt_txt
                0x0000000010018a24                lv_font_get_glyph_dsc_fmt_txt
                0x0000000010018dac                _lv_font_clean_up_fmt_txt
 .text          0x0000000010018db0      0x9fc lib/liblvgl.a(lv_hal_disp.c.obj)
                0x00000000100191e4                lv_disp_drv_init
                0x000000001001922c                lv_disp_draw_buf_init
                0x0000000010019248                lv_disp_drv_register
                0x0000000010019390                lv_disp_drv_update
                0x000000001001945c                lv_disp_remove
                0x00000000100194f4                lv_disp_set_default
                0x0000000010019500                lv_disp_get_default
                0x000000001001950c                lv_disp_get_hor_res
                0x0000000010019534                lv_disp_get_ver_res
                0x000000001001955c                lv_disp_get_physical_hor_res
                0x0000000010019598                lv_disp_get_physical_ver_res
                0x00000000100195d4                lv_disp_get_offset_x
                0x0000000010019634                lv_disp_get_offset_y
                0x0000000010019694                lv_disp_get_antialiasing
                0x00000000100196b4                lv_disp_get_dpi
                0x00000000100196d4                lv_disp_flush_ready
                0x00000000100196e0                lv_disp_flush_is_last
                0x00000000100196ec                lv_disp_get_next
                0x0000000010019708                lv_disp_get_draw_buf
                0x0000000010019710                lv_disp_set_rotation
                0x0000000010019740                lv_disp_get_rotation
                0x0000000010019760                lv_disp_drv_use_generic_set_px_cb
 .text          0x00000000100197ac      0x150 lib/liblvgl.a(lv_hal_indev.c.obj)
                0x00000000100197ac                lv_indev_drv_init
                0x00000000100197cc                lv_indev_drv_register
                0x0000000010019818                lv_indev_drv_update
                0x0000000010019874                lv_indev_delete
                0x00000000100198a4                lv_indev_get_next
                0x00000000100198c0                _lv_indev_read
 .text          0x00000000100198fc       0x40 lib/liblvgl.a(lv_hal_tick.c.obj)
                0x00000000100198fc                lv_tick_inc
                0x0000000010019910                lv_tick_get
                0x0000000010019924                lv_tick_elaps
 .text          0x000000001001993c      0x7f8 lib/liblvgl.a(lv_anim.c.obj)
                0x000000001001993c                lv_anim_path_linear
                0x0000000010019b40                _lv_anim_core_init
                0x0000000010019b88                lv_anim_init
                0x0000000010019bbc                lv_anim_get_playtime
                0x0000000010019c08                lv_anim_del
                0x0000000010019dd0                lv_anim_start
                0x0000000010019e80                lv_anim_del_all
                0x0000000010019eb4                lv_anim_get
                0x0000000010019f00                lv_anim_get_timer
                0x0000000010019f0c                lv_anim_count_running
                0x0000000010019f34                lv_anim_speed_to_time
                0x0000000010019f5c                lv_anim_refr_now
                0x0000000010019f68                lv_anim_path_ease_in
                0x0000000010019f9c                lv_anim_path_ease_out
                0x0000000010019fd8                lv_anim_path_ease_in_out
                0x000000001001a010                lv_anim_path_overshoot
                0x000000001001a04c                lv_anim_path_bounce
                0x000000001001a124                lv_anim_path_step
 .text          0x000000001001a134      0xc88 lib/liblvgl.a(lv_area.c.obj)
                0x000000001001a134                lv_area_set
                0x000000001001a148                lv_area_set_width
                0x000000001001a154                lv_area_set_height
                0x000000001001a160                _lv_area_set_pos
                0x000000001001a180                lv_area_get_size
                0x000000001001a1a0                lv_area_increase
                0x000000001001a1c0                lv_area_move
                0x000000001001a1e0                _lv_area_intersect
                0x000000001001a258                _lv_area_diff
                0x000000001001a418                _lv_area_join
                0x000000001001a46c                _lv_area_is_point_on
                0x000000001001a668                _lv_area_is_on
                0x000000001001a6a8                _lv_area_is_in
                0x000000001001a748                _lv_area_is_out
                0x000000001001a7ec                _lv_area_is_equal
                0x000000001001a82c                lv_area_align
                0x000000001001ac24                lv_point_transform
 .text          0x000000001001adbc       0xbc lib/liblvgl.a(lv_async.c.obj)
                0x000000001001add0                lv_async_call
                0x000000001001ae10                lv_async_call_cancel
 .text          0x000000001001ae78      0x540 lib/liblvgl.a(lv_color.c.obj)
                0x000000001001ae78                lv_color_fill
                0x000000001001af50                lv_color_lighten
                0x000000001001af74                lv_color_darken
                0x000000001001af98                lv_color_change_lightness
                0x000000001001aff0                lv_color_hsv_to_rgb
                0x000000001001b0cc                lv_color_rgb_to_hsv
                0x000000001001b1f8                lv_color_to_hsv
                0x000000001001b360                lv_palette_main
                0x000000001001b374                lv_palette_lighten
                0x000000001001b398                lv_palette_darken
 .text          0x000000001001b3b8      0x628 lib/liblvgl.a(lv_fs.c.obj)
                0x000000001001b3b8                _lv_fs_init
                0x000000001001b3c8                lv_fs_is_ready